[    0.000000] Linux version 6.2.0-rc7-ex00-00013-g513c1a3d3f19 (root@achansel) (gcc (GCC) 12.2.0, GNU ld (GNU Binutils) 2.39) #1 SMP PREEMPT_DYNAMIC Tue Feb  7 19:35:00 CET 2023
[    0.000000] Command line: BOOT_IMAGE=/vmlinuz-ex00 root=/dev/sda3 ro
[    0.000000] x86/fpu: Supporting XSAVE feature 0x001: 'x87 floating point registers'
[    0.000000] x86/fpu: Supporting XSAVE feature 0x002: 'SSE registers'
[    0.000000] x86/fpu: Supporting XSAVE feature 0x004: 'AVX registers'
[    0.000000] x86/fpu: xstate_offset[2]:  576, xstate_sizes[2]:  256
[    0.000000] x86/fpu: Enabled xstate features 0x7, context size is 832 bytes, using 'standard' format.
[    0.000000] signal: max sigframe size: 1776
[    0.000000] BIOS-provided physical RAM map:
[    0.000000] BIOS-e820: [mem 0x0000000000000000-0x000000000009fbff] usable
[    0.000000] BIOS-e820: [mem 0x000000000009fc00-0x000000000009ffff] reserved
[    0.000000] BIOS-e820: [mem 0x00000000000f0000-0x00000000000fffff] reserved
[    0.000000] BIOS-e820: [mem 0x0000000000100000-0x00000000dffeffff] usable
[    0.000000] BIOS-e820: [mem 0x00000000dfff0000-0x00000000dfffffff] ACPI data
[    0.000000] BIOS-e820: [mem 0x00000000fec00000-0x00000000fec00fff] reserved
[    0.000000] BIOS-e820: [mem 0x00000000fee00000-0x00000000fee00fff] reserved
[    0.000000] BIOS-e820: [mem 0x00000000fffc0000-0x00000000ffffffff] reserved
[    0.000000] BIOS-e820: [mem 0x0000000100000000-0x000000021fffffff] usable
[    0.000000] NX (Execute Disable) protection: active
[    0.000000] SMBIOS 2.5 present.
[    0.000000] DMI: innotek GmbH VirtualBox/VirtualBox, BIOS VirtualBox 12/01/2006
[    0.000000] Hypervisor detected: KVM
[    0.000000] kvm-clock: Using msrs 4b564d01 and 4b564d00
[    0.000001] kvm-clock: using sched offset of 21866645077 cycles
[    0.000003] clocksource: kvm-clock: mask: 0xffffffffffffffff max_cycles: 0x1cd42e4dffb, max_idle_ns: 881590591483 ns
[    0.000004] tsc: Detected 3999.994 MHz processor
[    0.000774] e820: update [mem 0x00000000-0x00000fff] usable ==> reserved
[    0.000776] e820: remove [mem 0x000a0000-0x000fffff] usable
[    0.000779] last_pfn = 0x220000 max_arch_pfn = 0x400000000
[    0.000785] MTRRs disabled by BIOS
[    0.000787] x86/PAT: Configuration [0-7]: WB  WC  UC- UC  WB  WP  UC- WT  
[    0.000800] last_pfn = 0xdfff0 max_arch_pfn = 0x400000000
[    0.000824] found SMP MP-table at [mem 0x0009fff0-0x0009ffff]
[    0.000951] ACPI: Early table checksum verification disabled
[    0.000953] ACPI: RSDP 0x00000000000E0000 000024 (v02 VBOX  )
[    0.000956] ACPI: XSDT 0x00000000DFFF0030 00003C (v01 VBOX   VBOXXSDT 00000001 ASL  00000061)
[    0.000959] ACPI: FACP 0x00000000DFFF00F0 0000F4 (v04 VBOX   VBOXFACP 00000001 ASL  00000061)
[    0.000962] ACPI: DSDT 0x00000000DFFF0640 002353 (v02 VBOX   VBOXBIOS 00000002 INTL 20221020)
[    0.000964] ACPI: FACS 0x00000000DFFF0200 000040
[    0.000965] ACPI: FACS 0x00000000DFFF0200 000040
[    0.000966] ACPI: APIC 0x00000000DFFF0240 00008C (v02 VBOX   VBOXAPIC 00000001 ASL  00000061)
[    0.000968] ACPI: SSDT 0x00000000DFFF02D0 00036C (v01 VBOX   VBOXCPUT 00000002 INTL 20221020)
[    0.000969] ACPI: Reserving FACP table memory at [mem 0xdfff00f0-0xdfff01e3]
[    0.000970] ACPI: Reserving DSDT table memory at [mem 0xdfff0640-0xdfff2992]
[    0.000971] ACPI: Reserving FACS table memory at [mem 0xdfff0200-0xdfff023f]
[    0.000971] ACPI: Reserving FACS table memory at [mem 0xdfff0200-0xdfff023f]
[    0.000972] ACPI: Reserving APIC table memory at [mem 0xdfff0240-0xdfff02cb]
[    0.000972] ACPI: Reserving SSDT table memory at [mem 0xdfff02d0-0xdfff063b]
[    0.001140] No NUMA configuration found
[    0.001151] Faking a node at [mem 0x0000000000000000-0x000000021fffffff]
[    0.001153] NODE_DATA(0) allocated [mem 0x21fff8000-0x21fffbfff]
[    0.001175] Zone ranges:
[    0.001175]   DMA      [mem 0x0000000000001000-0x0000000000ffffff]
[    0.001176]   DMA32    [mem 0x0000000001000000-0x00000000ffffffff]
[    0.001177]   Normal   [mem 0x0000000100000000-0x000000021fffffff]
[    0.001178] Movable zone start for each node
[    0.001179] Early memory node ranges
[    0.001179]   node   0: [mem 0x0000000000001000-0x000000000009efff]
[    0.001180]   node   0: [mem 0x0000000000100000-0x00000000dffeffff]
[    0.001181]   node   0: [mem 0x0000000100000000-0x000000021fffffff]
[    0.001182] Initmem setup node 0 [mem 0x0000000000001000-0x000000021fffffff]
[    0.001186] On node 0, zone DMA: 1 pages in unavailable ranges
[    0.001213] On node 0, zone DMA: 97 pages in unavailable ranges
[    0.012859] On node 0, zone Normal: 16 pages in unavailable ranges
[    0.013095] ACPI: PM-Timer IO Port: 0x4008
[    0.013130] IOAPIC[0]: apic_id 8, version 32, address 0xfec00000, GSI 0-23
[    0.013132] ACPI: INT_SRC_OVR (bus 0 bus_irq 0 global_irq 2 dfl dfl)
[    0.013133] ACPI: INT_SRC_OVR (bus 0 bus_irq 9 global_irq 9 low level)
[    0.013135] ACPI: Using ACPI (MADT) for SMP configuration information
[    0.013139] smpboot: Allowing 8 CPUs, 0 hotplug CPUs
[    0.013153] PM: hibernation: Registered nosave memory: [mem 0x00000000-0x00000fff]
[    0.013155] PM: hibernation: Registered nosave memory: [mem 0x0009f000-0x0009ffff]
[    0.013155] PM: hibernation: Registered nosave memory: [mem 0x000a0000-0x000effff]
[    0.013156] PM: hibernation: Registered nosave memory: [mem 0x000f0000-0x000fffff]
[    0.013156] PM: hibernation: Registered nosave memory: [mem 0xdfff0000-0xdfffffff]
[    0.013157] PM: hibernation: Registered nosave memory: [mem 0xe0000000-0xfebfffff]
[    0.013157] PM: hibernation: Registered nosave memory: [mem 0xfec00000-0xfec00fff]
[    0.013158] PM: hibernation: Registered nosave memory: [mem 0xfec01000-0xfedfffff]
[    0.013158] PM: hibernation: Registered nosave memory: [mem 0xfee00000-0xfee00fff]
[    0.013159] PM: hibernation: Registered nosave memory: [mem 0xfee01000-0xfffbffff]
[    0.013159] PM: hibernation: Registered nosave memory: [mem 0xfffc0000-0xffffffff]
[    0.013160] [mem 0xe0000000-0xfebfffff] available for PCI devices
[    0.013161] Booting paravirtualized kernel on KVM
[    0.013162] clocksource: refined-jiffies: mask: 0xffffffff max_cycles: 0xffffffff, max_idle_ns: 1910969940391419 ns
[    0.017212] setup_percpu: NR_CPUS:64 nr_cpumask_bits:8 nr_cpu_ids:8 nr_node_ids:1
[    0.017346] percpu: Embedded 54 pages/cpu s181160 r8192 d31832 u262144
[    0.017350] pcpu-alloc: s181160 r8192 d31832 u262144 alloc=1*2097152
[    0.017351] pcpu-alloc: [0] 0 1 2 3 4 5 6 7 
[    0.017363] Fallback order for Node 0: 0 
[    0.017365] Built 1 zonelists, mobility grouping on.  Total pages: 2064112
[    0.017365] Policy zone: Normal
[    0.017366] Kernel command line: BOOT_IMAGE=/vmlinuz-ex00 root=/dev/sda3 ro
[    0.017381] Unknown kernel command line parameters "BOOT_IMAGE=/vmlinuz-ex00", will be passed to user space.
[    0.017401] random: crng init done
[    0.017659] Dentry cache hash table entries: 1048576 (order: 11, 8388608 bytes, linear)
[    0.017814] Inode-cache hash table entries: 524288 (order: 10, 4194304 bytes, linear)
[    0.017877] mem auto-init: stack:all(zero), heap alloc:off, heap free:off
[    0.017881] software IO TLB: area num 8.
[    0.040798] Memory: 8136744K/8388152K available (18432K kernel code, 2641K rwdata, 6296K rodata, 2484K init, 1880K bss, 251148K reserved, 0K cma-reserved)
[    0.040825] SLUB: HWalign=64, Order=0-3, MinObjects=0, CPUs=8, Nodes=1
[    0.040831] Kernel/User page tables isolation: enabled
[    0.041539] Dynamic Preempt: voluntary
[    0.041560] rcu: Preemptible hierarchical RCU implementation.
[    0.041560] rcu: 	RCU event tracing is enabled.
[    0.041560] rcu: 	RCU restricting CPUs from NR_CPUS=64 to nr_cpu_ids=8.
[    0.041561] 	Trampoline variant of Tasks RCU enabled.
[    0.041562] rcu: RCU calculated value of scheduler-enlistment delay is 100 jiffies.
[    0.041563] rcu: Adjusting geometry for rcu_fanout_leaf=16, nr_cpu_ids=8
[    0.042411] NR_IRQS: 4352, nr_irqs: 488, preallocated irqs: 16
[    0.042570] rcu: srcu_init: Setting srcu_struct sizes based on contention.
[    0.046245] Console: colour VGA+ 80x25
[    0.046247] printk: console [tty0] enabled
[    0.065618] ACPI: Core revision 20221020
[    0.065805] APIC: Switch to symmetric I/O mode setup
[    0.066679] ..TIMER: vector=0x30 apic1=0 pin1=2 apic2=-1 pin2=-1
[    0.066854] clocksource: tsc-early: mask: 0xffffffffffffffff max_cycles: 0x7350addb24f, max_idle_ns: 881590446805 ns
[    0.067143] Calibrating delay loop (skipped) preset value.. 7999.98 BogoMIPS (lpj=3999994)
[    0.067371] pid_max: default: 32768 minimum: 301
[    0.067513] LSM: initializing lsm=capability,integrity,selinux
[    0.067671] SELinux:  Initializing.
[    0.067808] Mount-cache hash table entries: 16384 (order: 5, 131072 bytes, linear)
[    0.068044] Mountpoint-cache hash table entries: 16384 (order: 5, 131072 bytes, linear)
[    0.068140] Last level iTLB entries: 4KB 1024, 2MB 1024, 4MB 1024
[    0.068140] Last level dTLB entries: 4KB 1024, 2MB 1024, 4MB 1024, 1GB 4
[    0.068140] Spectre V1 : Mitigation: usercopy/swapgs barriers and __user pointer sanitization
[    0.068140] Spectre V2 : Mitigation: Retpolines
[    0.068140] Spectre V2 : Spectre v2 / SpectreRSB mitigation: Filling RSB on context switch
[    0.068140] Spectre V2 : Spectre v2 / SpectreRSB : Filling RSB on VMEXIT
[    0.068140] Speculative Store Bypass: Vulnerable
[    0.068140] MDS: Mitigation: Clear CPU buffers
[    0.068140] MMIO Stale Data: Unknown: No mitigations
[    0.068140] SRBDS: Unknown: Dependent on hypervisor status
[    0.081721] Freeing SMP alternatives memory: 44K
[    0.184939] smpboot: CPU0: Intel(R) Core(TM) i7-4790K CPU @ 4.00GHz (family: 0x6, model: 0x3c, stepping: 0x3)
[    0.185140] cblist_init_generic: Setting adjustable number of callback queues.
[    0.185140] cblist_init_generic: Setting shift to 3 and lim to 1.
[    0.185140] Performance Events: unsupported p6 CPU model 60 no PMU driver, software events only.
[    0.185163] rcu: Hierarchical SRCU implementation.
[    0.185301] rcu: 	Max phase no-delay instances is 400.
[    0.185570] smp: Bringing up secondary CPUs ...
[    0.185746] x86: Booting SMP configuration:
[    0.185874] .... node  #0, CPUs:      #1 #2 #3 #4 #5 #6 #7
[    0.196339] smp: Brought up 1 node, 8 CPUs
[    0.197141] smpboot: Max logical packages: 1
[    0.197279] smpboot: Total of 8 processors activated (63999.90 BogoMIPS)
[    0.198226] devtmpfs: initialized
[    0.198363] clocksource: jiffies: mask: 0xffffffff max_cycles: 0xffffffff, max_idle_ns: 1911260446275000 ns
[    0.198486] futex hash table entries: 2048 (order: 5, 131072 bytes, linear)
[    0.199200] PM: RTC time: 18:38:56, date: 2023-02-07
[    0.199505] NET: Registered PF_NETLINK/PF_ROUTE protocol family
[    0.199744] audit: initializing netlink subsys (disabled)
[    0.200155] audit: type=2000 audit(1675795160.653:1): state=initialized audit_enabled=0 res=1
[    0.200224] thermal_sys: Registered thermal governor 'step_wise'
[    0.201039] thermal_sys: Registered thermal governor 'user_space'
[    0.201184] cpuidle: using governor menu
[    0.201551] PCI: Using configuration type 1 for base access
[    0.201867] kprobes: kprobe jump-optimization is enabled. All kprobes are optimized if possible.
[    0.206188] HugeTLB: registered 2.00 MiB page size, pre-allocated 0 pages
[    0.206477] HugeTLB: 28 KiB vmemmap can be freed for a 2.00 MiB page
[    0.207081] ACPI: Added _OSI(Module Device)
[    0.207081] ACPI: Added _OSI(Processor Device)
[    0.207081] ACPI: Added _OSI(3.0 _SCP Extensions)
[    0.207081] ACPI: Added _OSI(Processor Aggregator Device)
[    0.207140] ACPI: 2 ACPI AML tables successfully acquired and loaded
[    0.280361] ACPI: Interpreter enabled
[    0.280377] ACPI: PM: (supports S0 S5)
[    0.280496] ACPI: Using IOAPIC for interrupt routing
[    0.280728] PCI: Using host bridge windows from ACPI; if necessary, use "pci=nocrs" and report a bug
[    0.280728] PCI: Using E820 reservations for host bridge windows
[    0.280728] ACPI: Enabled 2 GPEs in block 00 to 07
[    0.283556] ACPI: PCI Root Bridge [PCI0] (domain 0000 [bus 00-ff])
[    0.283751] acpi PNP0A03:00: _OSC: OS supports [ASPM ClockPM Segments MSI HPX-Type3]
[    0.283970] acpi PNP0A03:00: _OSC: not requesting OS control; OS requires [ExtendedConfig ASPM ClockPM MSI]
[    0.284140] acpi PNP0A03:00: fail to add MMCONFIG information, can't access extended configuration space under this bridge
[    0.284214] PCI host bridge to bus 0000:00
[    0.284381] pci_bus 0000:00: root bus resource [io  0x0000-0x0cf7 window]
[    0.284550] pci_bus 0000:00: root bus resource [io  0x0d00-0xffff window]
[    0.284747] pci_bus 0000:00: root bus resource [mem 0x000a0000-0x000bffff window]
[    0.285125] pci_bus 0000:00: root bus resource [mem 0xe0000000-0xfdffffff window]
[    0.285140] pci_bus 0000:00: root bus resource [bus 00-ff]
[    0.286207] pci 0000:00:00.0: [8086:1237] type 00 class 0x060000
[    0.286646] pci 0000:00:01.0: [8086:7000] type 00 class 0x060100
[    0.287478] pci 0000:00:01.1: [8086:7111] type 00 class 0x01018a
[    0.287843] pci 0000:00:01.1: reg 0x20: [io  0xd000-0xd00f]
[    0.288068] pci 0000:00:01.1: legacy IDE quirk: reg 0x10: [io  0x01f0-0x01f7]
[    0.288140] pci 0000:00:01.1: legacy IDE quirk: reg 0x14: [io  0x03f6]
[    0.288140] pci 0000:00:01.1: legacy IDE quirk: reg 0x18: [io  0x0170-0x0177]
[    0.288141] pci 0000:00:01.1: legacy IDE quirk: reg 0x1c: [io  0x0376]
[    0.288457] pci 0000:00:02.0: [15ad:0405] type 00 class 0x030000
[    0.291145] pci 0000:00:02.0: reg 0x10: [io  0xd010-0xd01f]
[    0.295319] pci 0000:00:02.0: reg 0x14: [mem 0xe0000000-0xe0ffffff pref]
[    0.298307] pci 0000:00:02.0: reg 0x18: [mem 0xf0000000-0xf01fffff]
[    0.312165] pci 0000:00:02.0: Video device with shadowed ROM at [mem 0x000c0000-0x000dffff]
[    0.317150] pci 0000:00:03.0: [8086:100e] type 00 class 0x020000
[    0.320160] pci 0000:00:03.0: reg 0x10: [mem 0xf0200000-0xf021ffff]
[    0.325235] pci 0000:00:03.0: reg 0x18: [io  0xd020-0xd027]
[    0.340197] pci 0000:00:04.0: [80ee:cafe] type 00 class 0x088000
[    0.344204] pci 0000:00:04.0: reg 0x10: [io  0xd040-0xd05f]
[    0.348185] pci 0000:00:04.0: reg 0x14: [mem 0xf0400000-0xf07fffff]
[    0.351190] pci 0000:00:04.0: reg 0x18: [mem 0xf0800000-0xf0803fff pref]
[    0.363299] pci 0000:00:05.0: [8086:2415] type 00 class 0x040100
[    0.366193] pci 0000:00:05.0: reg 0x10: [io  0xd100-0xd1ff]
[    0.366409] pci 0000:00:05.0: reg 0x14: [io  0xd200-0xd23f]
[    0.367488] pci 0000:00:06.0: [106b:003f] type 00 class 0x0c0310
[    0.370232] pci 0000:00:06.0: reg 0x10: [mem 0xf0804000-0xf0804fff]
[    0.390274] pci 0000:00:07.0: [8086:7113] type 00 class 0x068000
[    0.393283] pci 0000:00:07.0: quirk: [io  0x4000-0x403f] claimed by PIIX4 ACPI
[    0.393514] pci 0000:00:07.0: quirk: [io  0x4100-0x410f] claimed by PIIX4 SMB
[    0.393839] pci 0000:00:0b.0: [8086:265c] type 00 class 0x0c0320
[    0.396224] pci 0000:00:0b.0: reg 0x10: [mem 0xf0805000-0xf0805fff]
[    0.418321] pci 0000:00:0d.0: [8086:2829] type 00 class 0x010601
[    0.421212] pci 0000:00:0d.0: reg 0x10: [io  0xd240-0xd247]
[    0.424261] pci 0000:00:0d.0: reg 0x14: [io  0xd248-0xd24b]
[    0.429212] pci 0000:00:0d.0: reg 0x18: [io  0xd250-0xd257]
[    0.432165] pci 0000:00:0d.0: reg 0x1c: [io  0xd258-0xd25b]
[    0.434145] pci 0000:00:0d.0: reg 0x20: [io  0xd260-0xd26f]
[    0.440154] pci 0000:00:0d.0: reg 0x24: [mem 0xf0806000-0xf0807fff]
[    0.445793] ACPI: PCI: Interrupt link LNKA configured for IRQ 11
[    0.446274] ACPI: PCI: Interrupt link LNKB configured for IRQ 10
[    0.446530] ACPI: PCI: Interrupt link LNKC configured for IRQ 9
[    0.446753] ACPI: PCI: Interrupt link LNKD configured for IRQ 11
[    0.447004] iommu: Default domain type: Translated 
[    0.447140] iommu: DMA domain TLB invalidation policy: lazy mode 
[    0.447140] SCSI subsystem initialized
[    0.447161] libata version 3.00 loaded.
[    0.447195] ACPI: bus type USB registered
[    0.447346] usbcore: registered new interface driver usbfs
[    0.447496] usbcore: registered new interface driver hub
[    0.447643] usbcore: registered new device driver usb
[    0.447792] pps_core: LinuxPPS API ver. 1 registered
[    0.447931] pps_core: Software ver. 5.3.6 - Copyright 2005-2007 Rodolfo Giometti <giometti@linux.it>
[    0.448140] PTP clock support registered
[    0.448200] Advanced Linux Sound Architecture Driver Initialized.
[    0.449228] NetLabel: Initializing
[    0.449346] NetLabel:  domain hash size = 128
[    0.449476] NetLabel:  protocols = UNLABELED CIPSOv4 CALIPSO
[    0.449637] NetLabel:  unlabeled traffic allowed by default
[    0.449801] PCI: Using ACPI for IRQ routing
[    0.449801] PCI: pci_cache_line_size set to 64 bytes
[    0.450253] e820: reserve RAM buffer [mem 0x0009fc00-0x0009ffff]
[    0.450255] e820: reserve RAM buffer [mem 0xdfff0000-0xdfffffff]
[    0.450274] pci 0000:00:02.0: vgaarb: setting as boot VGA device
[    0.450343] pci 0000:00:02.0: vgaarb: bridge control possible
[    0.450493] pci 0000:00:02.0: vgaarb: VGA device added: decodes=io+mem,owns=io+mem,locks=none
[    0.450723] vgaarb: loaded
[    0.454216] clocksource: Switched to clocksource kvm-clock
[    0.454718] VFS: Disk quotas dquot_6.6.0
[    0.454718] VFS: Dquot-cache hash table entries: 512 (order 0, 4096 bytes)
[    0.455067] pnp: PnP ACPI init
[    0.455812] pnp: PnP ACPI: found 2 devices
[    0.465740] clocksource: acpi_pm: mask: 0xffffff max_cycles: 0xffffff, max_idle_ns: 2085701024 ns
[    0.465999] NET: Registered PF_INET protocol family
[    0.466198] IP idents hash table entries: 131072 (order: 8, 1048576 bytes, linear)
[    0.466737] tcp_listen_portaddr_hash hash table entries: 4096 (order: 4, 65536 bytes, linear)
[    0.466737] Table-perturb hash table entries: 65536 (order: 6, 262144 bytes, linear)
[    0.466737] TCP established hash table entries: 65536 (order: 7, 524288 bytes, linear)
[    0.466737] TCP bind hash table entries: 65536 (order: 9, 2097152 bytes, linear)
[    0.466737] TCP: Hash tables configured (established 65536 bind 65536)
[    0.466737] UDP hash table entries: 4096 (order: 5, 131072 bytes, linear)
[    0.466737] UDP-Lite hash table entries: 4096 (order: 5, 131072 bytes, linear)
[    0.466737] NET: Registered PF_UNIX/PF_LOCAL protocol family
[    0.469666] RPC: Registered named UNIX socket transport module.
[    0.469834] RPC: Registered udp transport module.
[    0.469967] RPC: Registered tcp transport module.
[    0.470100] RPC: Registered tcp NFSv4.1 backchannel transport module.
[    0.470731] pci_bus 0000:00: resource 4 [io  0x0000-0x0cf7 window]
[    0.470967] pci_bus 0000:00: resource 5 [io  0x0d00-0xffff window]
[    0.471150] pci_bus 0000:00: resource 6 [mem 0x000a0000-0x000bffff window]
[    0.471323] pci_bus 0000:00: resource 7 [mem 0xe0000000-0xfdffffff window]
[    0.471535] pci 0000:00:00.0: Limiting direct PCI/PCI transfers
[    0.472783] PCI: CLS 0 bytes, default 64
[    0.472938] PCI-DMA: Using software bounce buffering for IO (SWIOTLB)
[    0.473139] software IO TLB: mapped [mem 0x00000000dbff0000-0x00000000dfff0000] (64MB)
[    0.473850] RAPL PMU: API unit is 2^-32 Joules, 0 fixed counters, 10737418240 ms ovfl timer
[    0.474111] clocksource: tsc: mask: 0xffffffffffffffff max_cycles: 0x7350addb24f, max_idle_ns: 881590446805 ns
[    0.474602] clocksource: Switched to clocksource tsc
[    0.474921] platform rtc_cmos: registered platform RTC device (no PNP device found)
[    0.477258] Initialise system trusted keyrings
[    0.477514] workingset: timestamp_bits=56 max_order=21 bucket_order=0
[    0.477829] NFS: Registering the id_resolver key type
[    0.477978] Key type id_resolver registered
[    0.478104] Key type id_legacy registered
[    0.478325] 9p: Installing v9fs 9p2000 file system support
[    0.480212] Key type asymmetric registered
[    0.480212] Asymmetric key parser 'x509' registered
[    0.480212] Block layer SCSI generic (bsg) driver version 0.4 loaded (major 251)
[    0.480212] io scheduler mq-deadline registered
[    0.480212] io scheduler kyber registered
[    0.487906] ACPI: AC: AC Adapter [AC] (on-line)
[    0.488070] input: Power Button as /devices/LNXSYSTM:00/LNXPWRBN:00/input/input0
[    0.488401] ACPI: button: Power Button [PWRF]
[    0.488569] input: Sleep Button as /devices/LNXSYSTM:00/LNXSLPBN:00/input/input1
[    0.488790] ACPI: button: Sleep Button [SLPF]
[    0.488962] ACPI: video: Video Device [GFX0] (multi-head: yes  rom: no  post: no)
[    0.489193] input: Video Bus as /devices/LNXSYSTM:00/LNXSYBUS:00/PNP0A03:00/LNXVIDEO:00/input/input2
[    0.489876] Serial: 8250/16550 driver, 4 ports, IRQ sharing enabled
[    0.490825] Non-volatile memory driver v1.3
[    0.490954] Linux agpgart interface v0.103
[    0.491118] ACPI: bus type drm_connector registered
[    0.493652] loop: module loaded
[    0.493800] ahci 0000:00:0d.0: version 3.0
[    0.494093] ahci 0000:00:0d.0: SSS flag set, parallel bus scan disabled
[    0.494373] ahci 0000:00:0d.0: AHCI 0001.0100 32 slots 1 ports 3 Gbps 0x1 impl SATA mode
[    0.494598] ahci 0000:00:0d.0: flags: 64bit ncq stag only ccc 
[    0.495109] scsi host0: ahci
[    0.495249] ata1: SATA max UDMA/133 abar m8192@0xf0806000 port 0xf0806100 irq 21
[    0.495493] ata_piix 0000:00:01.1: version 2.13
[    0.495975] scsi host1: ata_piix
[    0.496404] scsi host2: ata_piix
[    0.497008] ata2: PATA max UDMA/33 cmd 0x1f0 ctl 0x3f6 bmdma 0xd000 irq 14
[    0.497180] ata3: PATA max UDMA/33 cmd 0x170 ctl 0x376 bmdma 0xd008 irq 15
[    0.497548] e100: Intel(R) PRO/100 Network Driver
[    0.497920] e100: Copyright(c) 1999-2006 Intel Corporation
[    0.498191] e1000: Intel(R) PRO/1000 Network Driver
[    0.498351] e1000: Copyright (c) 1999-2006 Intel Corporation.
[    0.804251] e1000 0000:00:03.0 eth0: (PCI:33MHz:32-bit) 08:00:27:c8:17:0a
[    0.804251] e1000 0000:00:03.0 eth0: Intel(R) PRO/1000 Network Connection
[    0.804251] e1000e: Intel(R) PRO/1000 Network Driver
[    0.804251] e1000e: Copyright(c) 1999 - 2015 Intel Corporation.
[    0.804251] sky2: driver version 1.30
[    0.806082] ohci-pci 0000:00:06.0: OHCI PCI host controller
[    0.806354] ohci-pci 0000:00:06.0: new USB bus registered, assigned bus number 1
[    0.806606] ohci-pci 0000:00:06.0: irq 22, io mem 0xf0804000
[    0.807941] ata1: SATA link up 3.0 Gbps (SStatus 123 SControl 300)
[    0.808243] ata1.00: ATA-6: VBOX HARDDISK, 1.0, max UDMA/133
[    0.808396] ata1.00: 52428800 sectors, multi 128: LBA48 NCQ (depth 32)
[    0.808785] ata1.00: configured for UDMA/133
[    0.809012] scsi 0:0:0:0: Direct-Access     ATA      VBOX HARDDISK    1.0  PQ: 0 ANSI: 5
[    0.809517] scsi 0:0:0:0: Attached scsi generic sg0 type 0
[    0.809679] sd 0:0:0:0: [sda] 52428800 512-byte logical blocks: (26.8 GB/25.0 GiB)
[    0.810111] sd 0:0:0:0: [sda] Write Protect is off
[    0.810247] sd 0:0:0:0: [sda] Mode Sense: 00 3a 00 00
[    0.810253] sd 0:0:0:0: [sda] Write cache: enabled, read cache: enabled, doesn't support DPO or FUA
[    0.810570] sd 0:0:0:0: [sda] Preferred minimum I/O size 512 bytes
[    0.811832]  sda: sda1 sda2 sda3
[    0.812277] sd 0:0:0:0: [sda] Attached SCSI disk
[    0.871458] usb usb1: New USB device found, idVendor=1d6b, idProduct=0001, bcdDevice= 6.02
[    0.871692] usb usb1: New USB device strings: Mfr=3, Product=2, SerialNumber=1
[    0.871900] usb usb1: Product: OHCI PCI host controller
[    0.872043] usb usb1: Manufacturer: Linux 6.2.0-rc7-ex00-00013-g513c1a3d3f19 ohci_hcd
[    0.872260] usb usb1: SerialNumber: 0000:00:06.0
[    0.872578] hub 1-0:1.0: USB hub found
[    0.872709] hub 1-0:1.0: 12 ports detected
[    0.873208] ehci-pci 0000:00:0b.0: EHCI Host Controller
[    0.873234] usbcore: registered new interface driver usblp
[    0.873393] ehci-pci 0000:00:0b.0: new USB bus registered, assigned bus number 2
[    0.873549] usbcore: registered new interface driver usb-storage
[    0.873925] ehci-pci 0000:00:0b.0: irq 19, io mem 0xf0805000
[    0.873998] i8042: PNP: PS/2 Controller [PNP0303:PS2K,PNP0f03:PS2M] at 0x60,0x64 irq 1,12
[    0.874752] serio: i8042 KBD port at 0x60,0x64 irq 1
[    0.874897] serio: i8042 AUX port at 0x60,0x64 irq 12
[    0.875787] input: AT Translated Set 2 keyboard as /devices/platform/i8042/serio0/input/input3
[    0.876081] rtc_cmos rtc_cmos: registered as rtc0
[    0.876767] rtc_cmos rtc_cmos: alarms up to one day, 114 bytes nvram
[    0.876948] fail to initialize ptp_kvm
[    0.877047] device-mapper: ioctl: 4.47.0-ioctl (2022-07-28) initialised: dm-devel@redhat.com
[    0.877399] intel_pstate: CPU model not supported
[    0.877574] hid: raw HID events driver (C) Jiri Kosina
[    0.877808] usbcore: registered new interface driver usbhid
[    0.877968] usbhid: USB HID core driver
[    0.878927] Initializing XFRM netlink socket
[    0.879072] NET: Registered PF_INET6 protocol family
[    0.879681] Segment Routing with IPv6
[    0.879836] In-situ OAM (IOAM) with IPv6
[    0.880034] sit: IPv6, IPv4 and MPLS over IPv4 tunneling driver
[    0.880384] NET: Registered PF_PACKET protocol family
[    0.880593] 9pnet: Installing 9P2000 support
[    0.880593] Key type dns_resolver registered
[    0.881402] ehci-pci 0000:00:0b.0: USB 2.0 started, EHCI 1.00
[    0.881732] usb usb2: New USB device found, idVendor=1d6b, idProduct=0002, bcdDevice= 6.02
[    0.882202] usb usb2: New USB device strings: Mfr=3, Product=2, SerialNumber=1
[    0.882413] IPI shorthand broadcast: enabled
[    0.882490] usb usb2: Product: EHCI Host Controller
[    0.882764] usb usb2: Manufacturer: Linux 6.2.0-rc7-ex00-00013-g513c1a3d3f19 ehci_hcd
[    0.882987] usb usb2: SerialNumber: 0000:00:0b.0
[    0.883241] hub 2-0:1.0: USB hub found
[    0.883369] hub 2-0:1.0: 12 ports detected
[    0.884024] sched_clock: Marking stable (858809237, 24372395)->(892439265, -9257633)
[    0.884612] registered taskstats version 1
[    0.884741] Loading compiled-in X.509 certificates
[    0.885820] PM:   Magic number: 11:989:644
[    0.885989] printk: console [netcon0] enabled
[    0.886118] netconsole: network logging started
[    0.886553] cfg80211: Loading compiled-in X.509 certificates for regulatory database
[    0.886908] kworker/u16:3 (87) used greatest stack depth: 14184 bytes left
[    0.887504] cfg80211: Loaded X.509 cert 'sforshee: 00b28ddf47aef9cea7'
[    0.887682] platform regulatory.0: Direct firmware load for regulatory.db failed with error -2
[    0.887914] cfg80211: failed to load regulatory.db
[    0.888074] ALSA device list:
[    0.888181]   No soundcards found.
[    1.083476] input: ImExPS/2 Generic Explorer Mouse as /devices/platform/i8042/serio1/input/input5
[    1.083880] md: Waiting for all devices to be available before autodetect
[    1.084104] md: If you don't use raid, use raid=noautodetect
[    1.084255] md: Autodetecting RAID arrays.
[    1.084379] md: autorun ...
[    1.084482] md: ... autorun DONE.
[    1.210507] EXT4-fs (sda3): mounted filesystem c2a5584f-5385-4ec6-99b6-f7b5157b909f with ordered data mode. Quota mode: none.
[    1.210811] VFS: Mounted root (ext4 filesystem) readonly on device 8:3.
[    1.239242] devtmpfs: mounted
[    1.240372] Freeing unused kernel image (initmem) memory: 2484K
[    1.241193] Write protecting the kernel read-only data: 26624k
[    1.243223] Freeing unused kernel image (rodata/data gap) memory: 1896K
[    1.273017] x86/mm: Checked W+X mappings: passed, no W+X pages found.
[    1.273187] x86/mm: Checking user space page tables
[    1.301878] x86/mm: Checked W+X mappings: passed, no W+X pages found.
[    1.302049] Run /sbin/init as init process
[    1.302173]   with arguments:
[    1.302174]     /sbin/init
[    1.302174]   with environment:
[    1.302175]     HOME=/
[    1.302175]     TERM=linux
[    1.302176]     BOOT_IMAGE=/vmlinuz-ex00
[    1.705667] stty (95) used greatest stack depth: 13504 bytes left
[    1.767936] dmesg (97) used greatest stack depth: 13312 bytes left
[    2.084449] date (118) used greatest stack depth: 12872 bytes left
[    2.330193] udevd[181]: starting version 3.2.11
[    2.474740] udevd[182]: starting eudev-3.2.11
[    2.689684] e1000 0000:00:03.0 enp0s3: renamed from eth0
[    2.851330] Adding 8388604k swap on /dev/sda2.  Priority:1 extents:1 across:8388604k 
[    2.871447] EXT4-fs (sda3): re-mounted c2a5584f-5385-4ec6-99b6-f7b5157b909f. Quota mode: none.
[    3.106821] EXT4-fs (sda3): re-mounted c2a5584f-5385-4ec6-99b6-f7b5157b909f. Quota mode: none.
[    3.163118] EXT4-fs (sda1): mounting ext2 file system using the ext4 subsystem
[    3.230058] EXT4-fs (sda1): mounted filesystem a1abb7fe-68fd-41ac-ac1b-a9ce69c4602b without journal. Quota mode: none.
[    7.879663] e1000: enp0s3 NIC Link is Up 1000 Mbps Full Duplex, Flow Control: RX
[    7.880111] IPv6: ADDRCONF(NETDEV_CHANGE): enp0s3: link becomes ready
