[    0.000000] Linux version 6.2.0-thor_kernel-g0983f6bf2bfc-dirty (root@achansel) (gcc (GCC) 12.2.0, GNU ld (GNU Binutils) 2.39) #1 SMP PREEMPT_DYNAMIC Wed Feb  8 00:23:28 CET 2023
[    0.000000] Command line: BOOT_IMAGE=/vmlinuz-ex02-achansel root=/dev/sda3 ro
[    0.000000] x86/fpu: Supporting XSAVE feature 0x001: 'x87 floating point registers'
[    0.000000] x86/fpu: Supporting XSAVE feature 0x002: 'SSE registers'
[    0.000000] x86/fpu: Supporting XSAVE feature 0x004: 'AVX registers'
[    0.000000] x86/fpu: xstate_offset[2]:  576, xstate_sizes[2]:  256
[    0.000000] x86/fpu: Enabled xstate features 0x7, context size is 832 bytes, using 'standard' format.
[    0.000000] signal: max sigframe size: 1776
[    0.000000] BIOS-provided physical RAM map:
[    0.000000] BIOS-e820: [mem 0x0000000000000000-0x000000000009fbff] usable
[    0.000000] BIOS-e820: [mem 0x000000000009fc00-0x000000000009ffff] reserved
[    0.000000] BIOS-e820: [mem 0x00000000000f0000-0x00000000000fffff] reserved
[    0.000000] BIOS-e820: [mem 0x0000000000100000-0x00000000dffeffff] usable
[    0.000000] BIOS-e820: [mem 0x00000000dfff0000-0x00000000dfffffff] ACPI data
[    0.000000] BIOS-e820: [mem 0x00000000fec00000-0x00000000fec00fff] reserved
[    0.000000] BIOS-e820: [mem 0x00000000fee00000-0x00000000fee00fff] reserved
[    0.000000] BIOS-e820: [mem 0x00000000fffc0000-0x00000000ffffffff] reserved
[    0.000000] BIOS-e820: [mem 0x0000000100000000-0x000000021fffffff] usable
[    0.000000] NX (Execute Disable) protection: active
[    0.000000] SMBIOS 2.5 present.
[    0.000000] DMI: innotek GmbH VirtualBox/VirtualBox, BIOS VirtualBox 12/01/2006
[    0.000000] Hypervisor detected: KVM
[    0.000000] kvm-clock: Using msrs 4b564d01 and 4b564d00
[    0.000001] kvm-clock: using sched offset of 20860976866 cycles
[    0.000003] clocksource: kvm-clock: mask: 0xffffffffffffffff max_cycles: 0x1cd42e4dffb, max_idle_ns: 881590591483 ns
[    0.000005] tsc: Detected 3999.994 MHz processor
[    0.000801] e820: update [mem 0x00000000-0x00000fff] usable ==> reserved
[    0.000805] e820: remove [mem 0x000a0000-0x000fffff] usable
[    0.000809] last_pfn = 0x220000 max_arch_pfn = 0x400000000
[    0.000817] MTRRs disabled by BIOS
[    0.000819] x86/PAT: Configuration [0-7]: WB  WC  UC- UC  WB  WP  UC- WT  
[    0.000836] last_pfn = 0xdfff0 max_arch_pfn = 0x400000000
[    0.000865] found SMP MP-table at [mem 0x0009fff0-0x0009ffff]
[    0.001091] ACPI: Early table checksum verification disabled
[    0.001094] ACPI: RSDP 0x00000000000E0000 000024 (v02 VBOX  )
[    0.001097] ACPI: XSDT 0x00000000DFFF0030 00003C (v01 VBOX   VBOXXSDT 00000001 ASL  00000061)
[    0.001101] ACPI: FACP 0x00000000DFFF00F0 0000F4 (v04 VBOX   VBOXFACP 00000001 ASL  00000061)
[    0.001105] ACPI: DSDT 0x00000000DFFF0640 002353 (v02 VBOX   VBOXBIOS 00000002 INTL 20221020)
[    0.001107] ACPI: FACS 0x00000000DFFF0200 000040
[    0.001109] ACPI: FACS 0x00000000DFFF0200 000040
[    0.001111] ACPI: APIC 0x00000000DFFF0240 00008C (v02 VBOX   VBOXAPIC 00000001 ASL  00000061)
[    0.001114] ACPI: SSDT 0x00000000DFFF02D0 00036C (v01 VBOX   VBOXCPUT 00000002 INTL 20221020)
[    0.001116] ACPI: Reserving FACP table memory at [mem 0xdfff00f0-0xdfff01e3]
[    0.001117] ACPI: Reserving DSDT table memory at [mem 0xdfff0640-0xdfff2992]
[    0.001118] ACPI: Reserving FACS table memory at [mem 0xdfff0200-0xdfff023f]
[    0.001119] ACPI: Reserving FACS table memory at [mem 0xdfff0200-0xdfff023f]
[    0.001120] ACPI: Reserving APIC table memory at [mem 0xdfff0240-0xdfff02cb]
[    0.001121] ACPI: Reserving SSDT table memory at [mem 0xdfff02d0-0xdfff063b]
[    0.001248] No NUMA configuration found
[    0.001249] Faking a node at [mem 0x0000000000000000-0x000000021fffffff]
[    0.001252] NODE_DATA(0) allocated [mem 0x21fff8000-0x21fffbfff]
[    0.001269] Zone ranges:
[    0.001269]   DMA      [mem 0x0000000000001000-0x0000000000ffffff]
[    0.001271]   DMA32    [mem 0x0000000001000000-0x00000000ffffffff]
[    0.001272]   Normal   [mem 0x0000000100000000-0x000000021fffffff]
[    0.001274] Movable zone start for each node
[    0.001274] Early memory node ranges
[    0.001275]   node   0: [mem 0x0000000000001000-0x000000000009efff]
[    0.001276]   node   0: [mem 0x0000000000100000-0x00000000dffeffff]
[    0.001277]   node   0: [mem 0x0000000100000000-0x000000021fffffff]
[    0.001279] Initmem setup node 0 [mem 0x0000000000001000-0x000000021fffffff]
[    0.001286] On node 0, zone DMA: 1 pages in unavailable ranges
[    0.001312] On node 0, zone DMA: 97 pages in unavailable ranges
[    0.012900] On node 0, zone Normal: 16 pages in unavailable ranges
[    0.013139] ACPI: PM-Timer IO Port: 0x4008
[    0.013175] IOAPIC[0]: apic_id 8, version 32, address 0xfec00000, GSI 0-23
[    0.013177] ACPI: INT_SRC_OVR (bus 0 bus_irq 0 global_irq 2 dfl dfl)
[    0.013178] ACPI: INT_SRC_OVR (bus 0 bus_irq 9 global_irq 9 low level)
[    0.013180] ACPI: Using ACPI (MADT) for SMP configuration information
[    0.013184] smpboot: Allowing 8 CPUs, 0 hotplug CPUs
[    0.013197] PM: hibernation: Registered nosave memory: [mem 0x00000000-0x00000fff]
[    0.013199] PM: hibernation: Registered nosave memory: [mem 0x0009f000-0x0009ffff]
[    0.013199] PM: hibernation: Registered nosave memory: [mem 0x000a0000-0x000effff]
[    0.013200] PM: hibernation: Registered nosave memory: [mem 0x000f0000-0x000fffff]
[    0.013200] PM: hibernation: Registered nosave memory: [mem 0xdfff0000-0xdfffffff]
[    0.013201] PM: hibernation: Registered nosave memory: [mem 0xe0000000-0xfebfffff]
[    0.013201] PM: hibernation: Registered nosave memory: [mem 0xfec00000-0xfec00fff]
[    0.013202] PM: hibernation: Registered nosave memory: [mem 0xfec01000-0xfedfffff]
[    0.013202] PM: hibernation: Registered nosave memory: [mem 0xfee00000-0xfee00fff]
[    0.013202] PM: hibernation: Registered nosave memory: [mem 0xfee01000-0xfffbffff]
[    0.013203] PM: hibernation: Registered nosave memory: [mem 0xfffc0000-0xffffffff]
[    0.013204] [mem 0xe0000000-0xfebfffff] available for PCI devices
[    0.013205] Booting paravirtualized kernel on KVM
[    0.013206] clocksource: refined-jiffies: mask: 0xffffffff max_cycles: 0xffffffff, max_idle_ns: 1910969940391419 ns
[    0.017184] setup_percpu: NR_CPUS:64 nr_cpumask_bits:8 nr_cpu_ids:8 nr_node_ids:1
[    0.017328] percpu: Embedded 54 pages/cpu s181160 r8192 d31832 u262144
[    0.017333] pcpu-alloc: s181160 r8192 d31832 u262144 alloc=1*2097152
[    0.017335] pcpu-alloc: [0] 0 1 2 3 4 5 6 7 
[    0.017347] Fallback order for Node 0: 0 
[    0.017349] Built 1 zonelists, mobility grouping on.  Total pages: 2064112
[    0.017350] Policy zone: Normal
[    0.017351] Kernel command line: BOOT_IMAGE=/vmlinuz-ex02-achansel root=/dev/sda3 ro
[    0.017366] Unknown kernel command line parameters "BOOT_IMAGE=/vmlinuz-ex02-achansel", will be passed to user space.
[    0.017386] random: crng init done
[    0.017643] Dentry cache hash table entries: 1048576 (order: 11, 8388608 bytes, linear)
[    0.017797] Inode-cache hash table entries: 524288 (order: 10, 4194304 bytes, linear)
[    0.017861] mem auto-init: stack:all(zero), heap alloc:off, heap free:off
[    0.017864] software IO TLB: area num 8.
[    0.041346] Memory: 8136740K/8388152K available (18432K kernel code, 2641K rwdata, 6296K rodata, 2484K init, 1880K bss, 251152K reserved, 0K cma-reserved)
[    0.041373] SLUB: HWalign=64, Order=0-3, MinObjects=0, CPUs=8, Nodes=1
[    0.041379] Kernel/User page tables isolation: enabled
[    0.042101] Dynamic Preempt: voluntary
[    0.042122] rcu: Preemptible hierarchical RCU implementation.
[    0.042123] rcu: 	RCU event tracing is enabled.
[    0.042123] rcu: 	RCU restricting CPUs from NR_CPUS=64 to nr_cpu_ids=8.
[    0.042124] 	Trampoline variant of Tasks RCU enabled.
[    0.042125] rcu: RCU calculated value of scheduler-enlistment delay is 100 jiffies.
[    0.042125] rcu: Adjusting geometry for rcu_fanout_leaf=16, nr_cpu_ids=8
[    0.043216] NR_IRQS: 4352, nr_irqs: 488, preallocated irqs: 16
[    0.043379] rcu: srcu_init: Setting srcu_struct sizes based on contention.
[    0.046942] Console: colour VGA+ 80x25
[    0.046944] printk: console [tty0] enabled
[    0.065790] ACPI: Core revision 20221020
[    0.065972] APIC: Switch to symmetric I/O mode setup
[    0.066843] ..TIMER: vector=0x30 apic1=0 pin1=2 apic2=-1 pin2=-1
[    0.067015] clocksource: tsc-early: mask: 0xffffffffffffffff max_cycles: 0x7350addb24f, max_idle_ns: 881590446805 ns
[    0.067284] Calibrating delay loop (skipped) preset value.. 7999.98 BogoMIPS (lpj=3999994)
[    0.067516] pid_max: default: 32768 minimum: 301
[    0.067658] LSM: initializing lsm=capability,integrity,selinux
[    0.067815] SELinux:  Initializing.
[    0.067952] Mount-cache hash table entries: 16384 (order: 5, 131072 bytes, linear)
[    0.068179] Mountpoint-cache hash table entries: 16384 (order: 5, 131072 bytes, linear)
[    0.068281] Last level iTLB entries: 4KB 1024, 2MB 1024, 4MB 1024
[    0.068281] Last level dTLB entries: 4KB 1024, 2MB 1024, 4MB 1024, 1GB 4
[    0.068281] Spectre V1 : Mitigation: usercopy/swapgs barriers and __user pointer sanitization
[    0.068281] Spectre V2 : Mitigation: Retpolines
[    0.068281] Spectre V2 : Spectre v2 / SpectreRSB mitigation: Filling RSB on context switch
[    0.068281] Spectre V2 : Spectre v2 / SpectreRSB : Filling RSB on VMEXIT
[    0.068281] Speculative Store Bypass: Vulnerable
[    0.068281] MDS: Mitigation: Clear CPU buffers
[    0.068281] MMIO Stale Data: Unknown: No mitigations
[    0.068281] SRBDS: Unknown: Dependent on hypervisor status
[    0.081691] Freeing SMP alternatives memory: 44K
[    0.186054] smpboot: CPU0: Intel(R) Core(TM) i7-4790K CPU @ 4.00GHz (family: 0x6, model: 0x3c, stepping: 0x3)
[    0.186281] cblist_init_generic: Setting adjustable number of callback queues.
[    0.186281] cblist_init_generic: Setting shift to 3 and lim to 1.
[    0.186281] Performance Events: unsupported p6 CPU model 60 no PMU driver, software events only.
[    0.186281] rcu: Hierarchical SRCU implementation.
[    0.186282] rcu: 	Max phase no-delay instances is 400.
[    0.186554] smp: Bringing up secondary CPUs ...
[    0.186730] x86: Booting SMP configuration:
[    0.186859] .... node  #0, CPUs:      #1 #2 #3 #4 #5 #6 #7
[    0.199504] smp: Brought up 1 node, 8 CPUs
[    0.199829] smpboot: Max logical packages: 1
[    0.199966] smpboot: Total of 8 processors activated (63999.90 BogoMIPS)
[    0.200700] devtmpfs: initialized
[    0.200700] clocksource: jiffies: mask: 0xffffffff max_cycles: 0xffffffff, max_idle_ns: 1911260446275000 ns
[    0.201285] futex hash table entries: 2048 (order: 5, 131072 bytes, linear)
[    0.201533] PM: RTC time: 23:42:25, date: 2023-02-07
[    0.201840] NET: Registered PF_NETLINK/PF_ROUTE protocol family
[    0.202373] audit: initializing netlink subsys (disabled)
[    0.202552] audit: type=2000 audit(1675813368.452:1): state=initialized audit_enabled=0 res=1
[    0.202552] thermal_sys: Registered thermal governor 'step_wise'
[    0.203283] thermal_sys: Registered thermal governor 'user_space'
[    0.203480] cpuidle: using governor menu
[    0.204504] PCI: Using configuration type 1 for base access
[    0.204813] kprobes: kprobe jump-optimization is enabled. All kprobes are optimized if possible.
[    0.207362] HugeTLB: registered 2.00 MiB page size, pre-allocated 0 pages
[    0.207628] HugeTLB: 28 KiB vmemmap can be freed for a 2.00 MiB page
[    0.208342] ACPI: Added _OSI(Module Device)
[    0.208890] ACPI: Added _OSI(Processor Device)
[    0.209032] ACPI: Added _OSI(3.0 _SCP Extensions)
[    0.209283] ACPI: Added _OSI(Processor Aggregator Device)
[    0.209772] ACPI: 2 ACPI AML tables successfully acquired and loaded
[    0.281563] ACPI: Interpreter enabled
[    0.281564] ACPI: PM: (supports S0 S5)
[    0.281708] ACPI: Using IOAPIC for interrupt routing
[    0.281708] PCI: Using host bridge windows from ACPI; if necessary, use "pci=nocrs" and report a bug
[    0.281708] PCI: Using E820 reservations for host bridge windows
[    0.281883] ACPI: Enabled 2 GPEs in block 00 to 07
[    0.284442] ACPI: PCI Root Bridge [PCI0] (domain 0000 [bus 00-ff])
[    0.284763] acpi PNP0A03:00: _OSC: OS supports [ASPM ClockPM Segments MSI HPX-Type3]
[    0.285032] acpi PNP0A03:00: _OSC: not requesting OS control; OS requires [ExtendedConfig ASPM ClockPM MSI]
[    0.285415] acpi PNP0A03:00: fail to add MMCONFIG information, can't access extended configuration space under this bridge
[    0.285811] PCI host bridge to bus 0000:00
[    0.285969] pci_bus 0000:00: root bus resource [io  0x0000-0x0cf7 window]
[    0.286164] pci_bus 0000:00: root bus resource [io  0x0d00-0xffff window]
[    0.286283] pci_bus 0000:00: root bus resource [mem 0x000a0000-0x000bffff window]
[    0.286564] pci_bus 0000:00: root bus resource [mem 0xe0000000-0xfdffffff window]
[    0.286781] pci_bus 0000:00: root bus resource [bus 00-ff]
[    0.287150] pci 0000:00:00.0: [8086:1237] type 00 class 0x060000
[    0.287602] pci 0000:00:01.0: [8086:7000] type 00 class 0x060100
[    0.288108] pci 0000:00:01.1: [8086:7111] type 00 class 0x01018a
[    0.288483] pci 0000:00:01.1: reg 0x20: [io  0xd000-0xd00f]
[    0.288710] pci 0000:00:01.1: legacy IDE quirk: reg 0x10: [io  0x01f0-0x01f7]
[    0.288896] pci 0000:00:01.1: legacy IDE quirk: reg 0x14: [io  0x03f6]
[    0.289075] pci 0000:00:01.1: legacy IDE quirk: reg 0x18: [io  0x0170-0x0177]
[    0.289250] pci 0000:00:01.1: legacy IDE quirk: reg 0x1c: [io  0x0376]
[    0.290370] pci 0000:00:02.0: [15ad:0405] type 00 class 0x030000
[    0.291285] pci 0000:00:02.0: reg 0x10: [io  0xd010-0xd01f]
[    0.292523] pci 0000:00:02.0: reg 0x14: [mem 0xe0000000-0xe0ffffff pref]
[    0.294506] pci 0000:00:02.0: reg 0x18: [mem 0xf0000000-0xf01fffff]
[    0.302324] pci 0000:00:02.0: Video device with shadowed ROM at [mem 0x000c0000-0x000dffff]
[    0.303334] pci 0000:00:03.0: [8086:100e] type 00 class 0x020000
[    0.307286] pci 0000:00:03.0: reg 0x10: [mem 0xf0200000-0xf021ffff]
[    0.310281] pci 0000:00:03.0: reg 0x18: [io  0xd020-0xd027]
[    0.318570] pci 0000:00:04.0: [80ee:cafe] type 00 class 0x088000
[    0.320386] pci 0000:00:04.0: reg 0x10: [io  0xd040-0xd05f]
[    0.321281] pci 0000:00:04.0: reg 0x14: [mem 0xf0400000-0xf07fffff]
[    0.324283] pci 0000:00:04.0: reg 0x18: [mem 0xf0800000-0xf0803fff pref]
[    0.334306] pci 0000:00:05.0: [8086:2415] type 00 class 0x040100
[    0.336397] pci 0000:00:05.0: reg 0x10: [io  0xd100-0xd1ff]
[    0.338290] pci 0000:00:05.0: reg 0x14: [io  0xd200-0xd23f]
[    0.340412] pci 0000:00:06.0: [106b:003f] type 00 class 0x0c0310
[    0.343288] pci 0000:00:06.0: reg 0x10: [mem 0xf0804000-0xf0804fff]
[    0.358294] pci 0000:00:07.0: [8086:7113] type 00 class 0x068000
[    0.361375] pci 0000:00:07.0: quirk: [io  0x4000-0x403f] claimed by PIIX4 ACPI
[    0.363288] pci 0000:00:07.0: quirk: [io  0x4100-0x410f] claimed by PIIX4 SMB
[    0.365441] pci 0000:00:0b.0: [8086:265c] type 00 class 0x0c0320
[    0.368373] pci 0000:00:0b.0: reg 0x10: [mem 0xf0805000-0xf0805fff]
[    0.382396] pci 0000:00:0d.0: [8086:2829] type 00 class 0x010601
[    0.384410] pci 0000:00:0d.0: reg 0x10: [io  0xd240-0xd247]
[    0.388351] pci 0000:00:0d.0: reg 0x14: [io  0xd248-0xd24b]
[    0.390363] pci 0000:00:0d.0: reg 0x18: [io  0xd250-0xd257]
[    0.392436] pci 0000:00:0d.0: reg 0x1c: [io  0xd258-0xd25b]
[    0.394281] pci 0000:00:0d.0: reg 0x20: [io  0xd260-0xd26f]
[    0.398286] pci 0000:00:0d.0: reg 0x24: [mem 0xf0806000-0xf0807fff]
[    0.406301] ACPI: PCI: Interrupt link LNKA configured for IRQ 11
[    0.407324] ACPI: PCI: Interrupt link LNKB configured for IRQ 10
[    0.407574] ACPI: PCI: Interrupt link LNKC configured for IRQ 9
[    0.411308] ACPI: PCI: Interrupt link LNKD configured for IRQ 11
[    0.412384] iommu: Default domain type: Translated 
[    0.414283] iommu: DMA domain TLB invalidation policy: lazy mode 
[    0.414326] SCSI subsystem initialized
[    0.415342] libata version 3.00 loaded.
[    0.415359] ACPI: bus type USB registered
[    0.416284] usbcore: registered new interface driver usbfs
[    0.419287] usbcore: registered new interface driver hub
[    0.420298] usbcore: registered new device driver usb
[    0.420476] pps_core: LinuxPPS API ver. 1 registered
[    0.422283] pps_core: Software ver. 5.3.6 - Copyright 2005-2007 Rodolfo Giometti <giometti@linux.it>
[    0.424295] PTP clock support registered
[    0.424455] Advanced Linux Sound Architecture Driver Initialized.
[    0.426371] NetLabel: Initializing
[    0.428283] NetLabel:  domain hash size = 128
[    0.428419] NetLabel:  protocols = UNLABELED CIPSOv4 CALIPSO
[    0.428419] NetLabel:  unlabeled traffic allowed by default
[    0.430310] PCI: Using ACPI for IRQ routing
[    0.431283] PCI: pci_cache_line_size set to 64 bytes
[    0.431370] e820: reserve RAM buffer [mem 0x0009fc00-0x0009ffff]
[    0.431372] e820: reserve RAM buffer [mem 0xdfff0000-0xdfffffff]
[    0.432293] pci 0000:00:02.0: vgaarb: setting as boot VGA device
[    0.432515] pci 0000:00:02.0: vgaarb: bridge control possible
[    0.432747] pci 0000:00:02.0: vgaarb: VGA device added: decodes=io+mem,owns=io+mem,locks=none
[    0.435283] vgaarb: loaded
[    0.437400] clocksource: Switched to clocksource kvm-clock
[    0.438411] VFS: Disk quotas dquot_6.6.0
[    0.438659] VFS: Dquot-cache hash table entries: 512 (order 0, 4096 bytes)
[    0.438875] pnp: PnP ACPI init
[    0.439399] pnp: PnP ACPI: found 2 devices
[    0.448320] clocksource: acpi_pm: mask: 0xffffff max_cycles: 0xffffff, max_idle_ns: 2085701024 ns
[    0.448586] NET: Registered PF_INET protocol family
[    0.448789] IP idents hash table entries: 131072 (order: 8, 1048576 bytes, linear)
[    0.449316] tcp_listen_portaddr_hash hash table entries: 4096 (order: 4, 65536 bytes, linear)
[    0.449316] Table-perturb hash table entries: 65536 (order: 6, 262144 bytes, linear)
[    0.449316] TCP established hash table entries: 65536 (order: 7, 524288 bytes, linear)
[    0.449316] TCP bind hash table entries: 65536 (order: 9, 2097152 bytes, linear)
[    0.449316] TCP: Hash tables configured (established 65536 bind 65536)
[    0.449316] UDP hash table entries: 4096 (order: 5, 131072 bytes, linear)
[    0.449316] UDP-Lite hash table entries: 4096 (order: 5, 131072 bytes, linear)
[    0.449316] NET: Registered PF_UNIX/PF_LOCAL protocol family
[    0.452287] RPC: Registered named UNIX socket transport module.
[    0.452586] RPC: Registered udp transport module.
[    0.452735] RPC: Registered tcp transport module.
[    0.452873] RPC: Registered tcp NFSv4.1 backchannel transport module.
[    0.453336] pci_bus 0000:00: resource 4 [io  0x0000-0x0cf7 window]
[    0.453529] pci_bus 0000:00: resource 5 [io  0x0d00-0xffff window]
[    0.453745] pci_bus 0000:00: resource 6 [mem 0x000a0000-0x000bffff window]
[    0.453920] pci_bus 0000:00: resource 7 [mem 0xe0000000-0xfdffffff window]
[    0.454116] pci 0000:00:00.0: Limiting direct PCI/PCI transfers
[    0.455301] PCI: CLS 0 bytes, default 64
[    0.455301] PCI-DMA: Using software bounce buffering for IO (SWIOTLB)
[    0.456055] software IO TLB: mapped [mem 0x00000000dbff0000-0x00000000dfff0000] (64MB)
[    0.456745] RAPL PMU: API unit is 2^-32 Joules, 0 fixed counters, 10737418240 ms ovfl timer
[    0.457008] clocksource: tsc: mask: 0xffffffffffffffff max_cycles: 0x7350addb24f, max_idle_ns: 881590446805 ns
[    0.457531] clocksource: Switched to clocksource tsc
[    0.457814] platform rtc_cmos: registered platform RTC device (no PNP device found)
[    0.460779] Initialise system trusted keyrings
[    0.460983] workingset: timestamp_bits=56 max_order=21 bucket_order=0
[    0.461286] NFS: Registering the id_resolver key type
[    0.461486] Key type id_resolver registered
[    0.461617] Key type id_legacy registered
[    0.461789] 9p: Installing v9fs 9p2000 file system support
[    0.464307] Key type asymmetric registered
[    0.464307] Asymmetric key parser 'x509' registered
[    0.464307] Block layer SCSI generic (bsg) driver version 0.4 loaded (major 251)
[    0.464307] io scheduler mq-deadline registered
[    0.464307] io scheduler kyber registered
[    0.471612] ACPI: AC: AC Adapter [AC] (on-line)
[    0.471777] input: Power Button as /devices/LNXSYSTM:00/LNXPWRBN:00/input/input0
[    0.472082] ACPI: button: Power Button [PWRF]
[    0.472286] input: Sleep Button as /devices/LNXSYSTM:00/LNXSLPBN:00/input/input1
[    0.472728] ACPI: button: Sleep Button [SLPF]
[    0.472924] ACPI: video: Video Device [GFX0] (multi-head: yes  rom: no  post: no)
[    0.473060] input: Video Bus as /devices/LNXSYSTM:00/LNXSYBUS:00/PNP0A03:00/LNXVIDEO:00/input/input2
[    0.473825] Serial: 8250/16550 driver, 4 ports, IRQ sharing enabled
[    0.474490] Non-volatile memory driver v1.3
[    0.474621] Linux agpgart interface v0.103
[    0.474801] ACPI: bus type drm_connector registered
[    0.476964] loop: module loaded
[    0.477114] ahci 0000:00:0d.0: version 3.0
[    0.477405] ahci 0000:00:0d.0: SSS flag set, parallel bus scan disabled
[    0.477650] ahci 0000:00:0d.0: AHCI 0001.0100 32 slots 1 ports 3 Gbps 0x1 impl SATA mode
[    0.477878] ahci 0000:00:0d.0: flags: 64bit ncq stag only ccc 
[    0.478395] scsi host0: ahci
[    0.478542] ata1: SATA max UDMA/133 abar m8192@0xf0806000 port 0xf0806100 irq 21
[    0.478775] ata_piix 0000:00:01.1: version 2.13
[    0.479189] scsi host1: ata_piix
[    0.479954] scsi host2: ata_piix
[    0.480123] ata2: PATA max UDMA/33 cmd 0x1f0 ctl 0x3f6 bmdma 0xd000 irq 14
[    0.480321] ata3: PATA max UDMA/33 cmd 0x170 ctl 0x376 bmdma 0xd008 irq 15
[    0.480664] e100: Intel(R) PRO/100 Network Driver
[    0.480991] e100: Copyright(c) 1999-2006 Intel Corporation
[    0.481307] e1000: Intel(R) PRO/1000 Network Driver
[    0.481482] e1000: Copyright (c) 1999-2006 Intel Corporation.
[    0.829661] ata1: SATA link up 3.0 Gbps (SStatus 123 SControl 300)
[    0.829984] ata1.00: ATA-6: VBOX HARDDISK, 1.0, max UDMA/133
[    0.830142] ata1.00: 52428800 sectors, multi 128: LBA48 NCQ (depth 32)
[    0.830568] ata1.00: configured for UDMA/133
[    0.830796] scsi 0:0:0:0: Direct-Access     ATA      VBOX HARDDISK    1.0  PQ: 0 ANSI: 5
[    0.831289] scsi 0:0:0:0: Attached scsi generic sg0 type 0
[    0.831734] sd 0:0:0:0: [sda] 52428800 512-byte logical blocks: (26.8 GB/25.0 GiB)
[    0.832210] sd 0:0:0:0: [sda] Write Protect is off
[    0.832404] sd 0:0:0:0: [sda] Mode Sense: 00 3a 00 00
[    0.832413] sd 0:0:0:0: [sda] Write cache: enabled, read cache: enabled, doesn't support DPO or FUA
[    0.832674] sd 0:0:0:0: [sda] Preferred minimum I/O size 512 bytes
[    0.833780]  sda: sda1 sda2 sda3
[    0.834224] sd 0:0:0:0: [sda] Attached SCSI disk
[    0.839296] e1000 0000:00:03.0 eth0: (PCI:33MHz:32-bit) 08:00:27:c8:17:0a
[    0.839296] e1000 0000:00:03.0 eth0: Intel(R) PRO/1000 Network Connection
[    0.839296] e1000e: Intel(R) PRO/1000 Network Driver
[    0.839296] e1000e: Copyright(c) 1999 - 2015 Intel Corporation.
[    0.839296] sky2: driver version 1.30
[    0.849574] ohci-pci 0000:00:06.0: OHCI PCI host controller
[    0.849826] ohci-pci 0000:00:06.0: new USB bus registered, assigned bus number 1
[    0.850081] ohci-pci 0000:00:06.0: irq 22, io mem 0xf0804000
[    1.056551] usb usb1: New USB device found, idVendor=1d6b, idProduct=0001, bcdDevice= 6.02
[    1.056810] usb usb1: New USB device strings: Mfr=3, Product=2, SerialNumber=1
[    1.057021] usb usb1: Product: OHCI PCI host controller
[    1.057166] usb usb1: Manufacturer: Linux 6.2.0-thor_kernel-g0983f6bf2bfc-dirty ohci_hcd
[    1.057427] usb usb1: SerialNumber: 0000:00:06.0
[    1.057737] hub 1-0:1.0: USB hub found
[    1.057868] hub 1-0:1.0: 12 ports detected
[    1.058874] ehci-pci 0000:00:0b.0: EHCI Host Controller
[    1.058910] usbcore: registered new interface driver usblp
[    1.059218] ehci-pci 0000:00:0b.0: new USB bus registered, assigned bus number 2
[    1.059323] usbcore: registered new interface driver usb-storage
[    1.059952] ehci-pci 0000:00:0b.0: irq 19, io mem 0xf0805000
[    1.059995] i8042: PNP: PS/2 Controller [PNP0303:PS2K,PNP0f03:PS2M] at 0x60,0x64 irq 1,12
[    1.060750] serio: i8042 KBD port at 0x60,0x64 irq 1
[    1.060895] serio: i8042 AUX port at 0x60,0x64 irq 12
[    1.061744] rtc_cmos rtc_cmos: registered as rtc0
[    1.061946] rtc_cmos rtc_cmos: alarms up to one day, 114 bytes nvram
[    1.062145] input: AT Translated Set 2 keyboard as /devices/platform/i8042/serio0/input/input3
[    1.062498] fail to initialize ptp_kvm
[    1.062556] device-mapper: ioctl: 4.47.0-ioctl (2022-07-28) initialised: dm-devel@redhat.com
[    1.063138] intel_pstate: CPU model not supported
[    1.063452] hid: raw HID events driver (C) Jiri Kosina
[    1.063823] usbcore: registered new interface driver usbhid
[    1.064115] usbhid: USB HID core driver
[    1.064965] Initializing XFRM netlink socket
[    1.065226] NET: Registered PF_INET6 protocol family
[    1.065672] Segment Routing with IPv6
[    1.065797] In-situ OAM (IOAM) with IPv6
[    1.065936] sit: IPv6, IPv4 and MPLS over IPv4 tunneling driver
[    1.066163] NET: Registered PF_PACKET protocol family
[    1.066328] 9pnet: Installing 9P2000 support
[    1.066333] ehci-pci 0000:00:0b.0: USB 2.0 started, EHCI 1.00
[    1.066465] Key type dns_resolver registered
[    1.066657] usb usb2: New USB device found, idVendor=1d6b, idProduct=0002, bcdDevice= 6.02
[    1.067145] usb usb2: New USB device strings: Mfr=3, Product=2, SerialNumber=1
[    1.067479] usb usb2: Product: EHCI Host Controller
[    1.067621] usb usb2: Manufacturer: Linux 6.2.0-thor_kernel-g0983f6bf2bfc-dirty ehci_hcd
[    1.067867] usb usb2: SerialNumber: 0000:00:0b.0
[    1.068134] IPI shorthand broadcast: enabled
[    1.068152] hub 2-0:1.0: USB hub found
[    1.068444] hub 2-0:1.0: 12 ports detected
[    1.069797] sched_clock: Marking stable (1045667475, 23657308)->(1087812750, -18487967)
[    1.070312] registered taskstats version 1
[    1.070482] Loading compiled-in X.509 certificates
[    1.071577] PM:   Magic number: 11:625:756
[    1.071742] printk: console [netcon0] enabled
[    1.071874] netconsole: network logging started
[    1.072336] cfg80211: Loading compiled-in X.509 certificates for regulatory database
[    1.072736] kworker/u16:3 (87) used greatest stack depth: 14184 bytes left
[    1.073366] cfg80211: Loaded X.509 cert 'sforshee: 00b28ddf47aef9cea7'
[    1.073550] platform regulatory.0: Direct firmware load for regulatory.db failed with error -2
[    1.073789] cfg80211: failed to load regulatory.db
[    1.073934] ALSA device list:
[    1.074055]   No soundcards found.
[    1.273265] input: ImExPS/2 Generic Explorer Mouse as /devices/platform/i8042/serio1/input/input5
[    1.273808] md: Waiting for all devices to be available before autodetect
[    1.274082] md: If you don't use raid, use raid=noautodetect
[    1.274320] md: Autodetecting RAID arrays.
[    1.274517] md: autorun ...
[    1.274680] md: ... autorun DONE.
[    1.396277] EXT4-fs (sda3): mounted filesystem c2a5584f-5385-4ec6-99b6-f7b5157b909f with ordered data mode. Quota mode: none.
[    1.396577] VFS: Mounted root (ext4 filesystem) readonly on device 8:3.
[    1.432174] devtmpfs: mounted
[    1.434315] Freeing unused kernel image (initmem) memory: 2484K
[    1.434607] Write protecting the kernel read-only data: 26624k
[    1.437318] Freeing unused kernel image (rodata/data gap) memory: 1896K
[    1.467777] x86/mm: Checked W+X mappings: passed, no W+X pages found.
[    1.467948] x86/mm: Checking user space page tables
[    1.496491] x86/mm: Checked W+X mappings: passed, no W+X pages found.
[    1.496663] Run /sbin/init as init process
[    1.496788]   with arguments:
[    1.496789]     /sbin/init
[    1.496789]   with environment:
[    1.496790]     HOME=/
[    1.496790]     TERM=linux
[    1.496791]     BOOT_IMAGE=/vmlinuz-ex02-achansel
[    1.912472] stty (95) used greatest stack depth: 13504 bytes left
[    1.985383] dmesg (96) used greatest stack depth: 13480 bytes left
[    2.188567] sed (113) used greatest stack depth: 13064 bytes left
[    2.310477] ip (153) used greatest stack depth: 12944 bytes left
[    2.445392] udevd[178]: starting version 3.2.11
[    2.557379] udevd[179]: starting eudev-3.2.11
[    2.762897] e1000 0000:00:03.0 enp0s3: renamed from eth0
[    2.956591] Adding 8388604k swap on /dev/sda2.  Priority:1 extents:1 across:8388604k 
[    2.972920] EXT4-fs (sda3): re-mounted c2a5584f-5385-4ec6-99b6-f7b5157b909f. Quota mode: none.
[    3.209319] EXT4-fs (sda3): re-mounted c2a5584f-5385-4ec6-99b6-f7b5157b909f. Quota mode: none.
[    3.281019] EXT4-fs (sda1): mounting ext2 file system using the ext4 subsystem
[    3.324273] EXT4-fs (sda1): mounted filesystem a1abb7fe-68fd-41ac-ac1b-a9ce69c4602b without journal. Quota mode: none.
[    9.077882] e1000: enp0s3 NIC Link is Up 1000 Mbps Full Duplex, Flow Control: RX
[    9.078650] IPv6: ADDRCONF(NETDEV_CHANGE): enp0s3: link becomes ready
