[    0.000000] Linux version 6.2.0-rc7-next-20230208 (root@achansel) (gcc (GCC) 12.2.0, GNU ld (GNU Binutils) 2.39) #1 SMP PREEMPT_DYNAMIC Wed Feb  8 15:52:56 CET 2023
[    0.000000] Command line: BOOT_IMAGE=/vmlinuz-next root=/dev/sda3 ro achansel
[    0.000000] x86/fpu: Supporting XSAVE feature 0x001: 'x87 floating point registers'
[    0.000000] x86/fpu: Supporting XSAVE feature 0x002: 'SSE registers'
[    0.000000] x86/fpu: Supporting XSAVE feature 0x004: 'AVX registers'
[    0.000000] x86/fpu: xstate_offset[2]:  576, xstate_sizes[2]:  256
[    0.000000] x86/fpu: Enabled xstate features 0x7, context size is 832 bytes, using 'standard' format.
[    0.000000] signal: max sigframe size: 1776
[    0.000000] BIOS-provided physical RAM map:
[    0.000000] BIOS-e820: [mem 0x0000000000000000-0x000000000009fbff] usable
[    0.000000] BIOS-e820: [mem 0x000000000009fc00-0x000000000009ffff] reserved
[    0.000000] BIOS-e820: [mem 0x00000000000f0000-0x00000000000fffff] reserved
[    0.000000] BIOS-e820: [mem 0x0000000000100000-0x00000000dffeffff] usable
[    0.000000] BIOS-e820: [mem 0x00000000dfff0000-0x00000000dfffffff] ACPI data
[    0.000000] BIOS-e820: [mem 0x00000000fec00000-0x00000000fec00fff] reserved
[    0.000000] BIOS-e820: [mem 0x00000000fee00000-0x00000000fee00fff] reserved
[    0.000000] BIOS-e820: [mem 0x00000000fffc0000-0x00000000ffffffff] reserved
[    0.000000] BIOS-e820: [mem 0x0000000100000000-0x000000021fffffff] usable
[    0.000000] NX (Execute Disable) protection: active
[    0.000000] SMBIOS 2.5 present.
[    0.000000] DMI: innotek GmbH VirtualBox/VirtualBox, BIOS VirtualBox 12/01/2006
[    0.000000] Hypervisor detected: KVM
[    0.000000] kvm-clock: Using msrs 4b564d01 and 4b564d00
[    0.000000] kvm-clock: using sched offset of 30780254742 cycles
[    0.000002] clocksource: kvm-clock: mask: 0xffffffffffffffff max_cycles: 0x1cd42e4dffb, max_idle_ns: 881590591483 ns
[    0.000004] tsc: Detected 3999.992 MHz processor
[    0.000694] e820: update [mem 0x00000000-0x00000fff] usable ==> reserved
[    0.000696] e820: remove [mem 0x000a0000-0x000fffff] usable
[    0.000699] last_pfn = 0x220000 max_arch_pfn = 0x400000000
[    0.000704] MTRRs disabled by BIOS
[    0.000706] x86/PAT: Configuration [0-7]: WB  WC  UC- UC  WB  WP  UC- WT  
[    0.000719] last_pfn = 0xdfff0 max_arch_pfn = 0x400000000
[    0.000742] found SMP MP-table at [mem 0x0009fff0-0x0009ffff]
[    0.000880] ACPI: Early table checksum verification disabled
[    0.000882] ACPI: RSDP 0x00000000000E0000 000024 (v02 VBOX  )
[    0.000884] ACPI: XSDT 0x00000000DFFF0030 00003C (v01 VBOX   VBOXXSDT 00000001 ASL  00000061)
[    0.000887] ACPI: FACP 0x00000000DFFF00F0 0000F4 (v04 VBOX   VBOXFACP 00000001 ASL  00000061)
[    0.000890] ACPI: DSDT 0x00000000DFFF0640 002353 (v02 VBOX   VBOXBIOS 00000002 INTL 20221020)
[    0.000892] ACPI: FACS 0x00000000DFFF0200 000040
[    0.000893] ACPI: FACS 0x00000000DFFF0200 000040
[    0.000894] ACPI: APIC 0x00000000DFFF0240 00008C (v02 VBOX   VBOXAPIC 00000001 ASL  00000061)
[    0.000896] ACPI: SSDT 0x00000000DFFF02D0 00036C (v01 VBOX   VBOXCPUT 00000002 INTL 20221020)
[    0.000897] ACPI: Reserving FACP table memory at [mem 0xdfff00f0-0xdfff01e3]
[    0.000898] ACPI: Reserving DSDT table memory at [mem 0xdfff0640-0xdfff2992]
[    0.000899] ACPI: Reserving FACS table memory at [mem 0xdfff0200-0xdfff023f]
[    0.000899] ACPI: Reserving FACS table memory at [mem 0xdfff0200-0xdfff023f]
[    0.000899] ACPI: Reserving APIC table memory at [mem 0xdfff0240-0xdfff02cb]
[    0.000900] ACPI: Reserving SSDT table memory at [mem 0xdfff02d0-0xdfff063b]
[    0.001000] No NUMA configuration found
[    0.001000] Faking a node at [mem 0x0000000000000000-0x000000021fffffff]
[    0.001000] NODE_DATA(0) allocated [mem 0x21fff8000-0x21fffbfff]
[    0.001000] Zone ranges:
[    0.001000]   DMA      [mem 0x0000000000001000-0x0000000000ffffff]
[    0.001000]   DMA32    [mem 0x0000000001000000-0x00000000ffffffff]
[    0.001000]   Normal   [mem 0x0000000100000000-0x000000021fffffff]
[    0.001000] Movable zone start for each node
[    0.001000] Early memory node ranges
[    0.001000]   node   0: [mem 0x0000000000001000-0x000000000009efff]
[    0.001000]   node   0: [mem 0x0000000000100000-0x00000000dffeffff]
[    0.001000]   node   0: [mem 0x0000000100000000-0x000000021fffffff]
[    0.001000] Initmem setup node 0 [mem 0x0000000000001000-0x000000021fffffff]
[    0.001000] On node 0, zone DMA: 1 pages in unavailable ranges
[    0.001000] On node 0, zone DMA: 97 pages in unavailable ranges
[    0.001000] On node 0, zone Normal: 16 pages in unavailable ranges
[    0.001000] ACPI: PM-Timer IO Port: 0x4008
[    0.001000] IOAPIC[0]: apic_id 8, version 32, address 0xfec00000, GSI 0-23
[    0.001000] ACPI: INT_SRC_OVR (bus 0 bus_irq 0 global_irq 2 dfl dfl)
[    0.001000] ACPI: INT_SRC_OVR (bus 0 bus_irq 9 global_irq 9 low level)
[    0.001000] ACPI: Using ACPI (MADT) for SMP configuration information
[    0.001000] smpboot: Allowing 8 CPUs, 0 hotplug CPUs
[    0.001000] PM: hibernation: Registered nosave memory: [mem 0x00000000-0x00000fff]
[    0.001000] PM: hibernation: Registered nosave memory: [mem 0x0009f000-0x0009ffff]
[    0.001000] PM: hibernation: Registered nosave memory: [mem 0x000a0000-0x000effff]
[    0.001000] PM: hibernation: Registered nosave memory: [mem 0x000f0000-0x000fffff]
[    0.001000] PM: hibernation: Registered nosave memory: [mem 0xdfff0000-0xdfffffff]
[    0.001000] PM: hibernation: Registered nosave memory: [mem 0xe0000000-0xfebfffff]
[    0.001000] PM: hibernation: Registered nosave memory: [mem 0xfec00000-0xfec00fff]
[    0.001000] PM: hibernation: Registered nosave memory: [mem 0xfec01000-0xfedfffff]
[    0.001000] PM: hibernation: Registered nosave memory: [mem 0xfee00000-0xfee00fff]
[    0.001000] PM: hibernation: Registered nosave memory: [mem 0xfee01000-0xfffbffff]
[    0.001000] PM: hibernation: Registered nosave memory: [mem 0xfffc0000-0xffffffff]
[    0.001000] [mem 0xe0000000-0xfebfffff] available for PCI devices
[    0.001000] Booting paravirtualized kernel on KVM
[    0.001000] clocksource: refined-jiffies: mask: 0xffffffff max_cycles: 0xffffffff, max_idle_ns: 1910969940391419 ns
[    0.001000] setup_percpu: NR_CPUS:64 nr_cpumask_bits:8 nr_cpu_ids:8 nr_node_ids:1
[    0.001000] percpu: Embedded 54 pages/cpu s182248 r8192 d30744 u262144
[    0.001000] pcpu-alloc: s182248 r8192 d30744 u262144 alloc=1*2097152
[    0.001000] pcpu-alloc: [0] 0 1 2 3 4 5 6 7 
[    0.001000] Fallback order for Node 0: 0 
[    0.001000] Built 1 zonelists, mobility grouping on.  Total pages: 2064112
[    0.001000] Policy zone: Normal
[    0.001000] Kernel command line: BOOT_IMAGE=/vmlinuz-next root=/dev/sda3 ro achansel
[    0.001000] Unknown kernel command line parameters "achansel BOOT_IMAGE=/vmlinuz-next", will be passed to user space.
[    0.001000] random: crng init done
[    0.001000] Dentry cache hash table entries: 1048576 (order: 11, 8388608 bytes, linear)
[    0.001000] Inode-cache hash table entries: 524288 (order: 10, 4194304 bytes, linear)
[    0.001000] mem auto-init: stack:all(zero), heap alloc:off, heap free:off
[    0.001000] software IO TLB: area num 8.
[    0.001000] Memory: 8136744K/8388152K available (18432K kernel code, 2653K rwdata, 6248K rodata, 2572K init, 1760K bss, 251148K reserved, 0K cma-reserved)
[    0.001000] SLUB: HWalign=64, Order=0-3, MinObjects=0, CPUs=8, Nodes=1
[    0.001000] Kernel/User page tables isolation: enabled
[    0.001000] Dynamic Preempt: voluntary
[    0.001000] rcu: Preemptible hierarchical RCU implementation.
[    0.001000] rcu: 	RCU event tracing is enabled.
[    0.001000] rcu: 	RCU restricting CPUs from NR_CPUS=64 to nr_cpu_ids=8.
[    0.001000] 	Trampoline variant of Tasks RCU enabled.
[    0.001000] rcu: RCU calculated value of scheduler-enlistment delay is 100 jiffies.
[    0.001000] rcu: Adjusting geometry for rcu_fanout_leaf=16, nr_cpu_ids=8
[    0.001000] NR_IRQS: 4352, nr_irqs: 488, preallocated irqs: 16
[    0.001000] rcu: srcu_init: Setting srcu_struct sizes based on contention.
[    0.001000] Console: colour VGA+ 80x25
[    0.001000] printk: console [tty0] enabled
[    0.001000] ACPI: Core revision 20221020
[    0.001000] APIC: Switch to symmetric I/O mode setup
[    0.001000] ..TIMER: vector=0x30 apic1=0 pin1=2 apic2=-1 pin2=-1
[    0.001000] clocksource: tsc-early: mask: 0xffffffffffffffff max_cycles: 0x7350aa9c0bb, max_idle_ns: 881590540420 ns
[    0.069064] Calibrating delay loop (skipped) preset value.. 7999.98 BogoMIPS (lpj=3999992)
[    0.069297] pid_max: default: 32768 minimum: 301
[    0.069440] LSM: initializing lsm=capability,integrity,selinux
[    0.069597] SELinux:  Initializing.
[    0.069735] Mount-cache hash table entries: 16384 (order: 5, 131072 bytes, linear)
[    0.069964] Mountpoint-cache hash table entries: 16384 (order: 5, 131072 bytes, linear)
[    0.070061] Last level iTLB entries: 4KB 1024, 2MB 1024, 4MB 1024
[    0.070061] Last level dTLB entries: 4KB 1024, 2MB 1024, 4MB 1024, 1GB 4
[    0.070061] Spectre V1 : Mitigation: usercopy/swapgs barriers and __user pointer sanitization
[    0.070061] Spectre V2 : Mitigation: Retpolines
[    0.070061] Spectre V2 : Spectre v2 / SpectreRSB mitigation: Filling RSB on context switch
[    0.070061] Spectre V2 : Spectre v2 / SpectreRSB : Filling RSB on VMEXIT
[    0.070061] Speculative Store Bypass: Vulnerable
[    0.070061] MDS: Mitigation: Clear CPU buffers
[    0.070061] MMIO Stale Data: Unknown: No mitigations
[    0.070061] SRBDS: Unknown: Dependent on hypervisor status
[    0.078792] Freeing SMP alternatives memory: 48K
[    0.185533] smpboot: CPU0: Intel(R) Core(TM) i7-4790K CPU @ 4.00GHz (family: 0x6, model: 0x3c, stepping: 0x3)
[    0.185867] cblist_init_generic: Setting adjustable number of callback queues.
[    0.186061] cblist_init_generic: Setting shift to 3 and lim to 1.
[    0.186061] Performance Events: unsupported p6 CPU model 60 no PMU driver, software events only.
[    0.186061] rcu: Hierarchical SRCU implementation.
[    0.186062] rcu: 	Max phase no-delay instances is 400.
[    0.186333] smp: Bringing up secondary CPUs ...
[    0.186508] x86: Booting SMP configuration:
[    0.186637] .... node  #0, CPUs:      #1 #2 #3 #4 #5 #6 #7
[    0.197249] smp: Brought up 1 node, 8 CPUs
[    0.197573] smpboot: Max logical packages: 1
[    0.197701] smpboot: Total of 8 processors activated (63999.87 BogoMIPS)
[    0.198604] devtmpfs: initialized
[    0.199116] clocksource: jiffies: mask: 0xffffffff max_cycles: 0xffffffff, max_idle_ns: 1911260446275000 ns
[    0.199403] futex hash table entries: 2048 (order: 5, 131072 bytes, linear)
[    0.199674] PM: RTC time: 14:54:24, date: 2023-02-08
[    0.200112] NET: Registered PF_NETLINK/PF_ROUTE protocol family
[    0.200351] audit: initializing netlink subsys (disabled)
[    0.200569] audit: type=2000 audit(1675868097.159:1): state=initialized audit_enabled=0 res=1
[    0.200569] thermal_sys: Registered thermal governor 'step_wise'
[    0.201069] thermal_sys: Registered thermal governor 'user_space'
[    0.201298] cpuidle: using governor menu
[    0.202132] PCI: Using configuration type 1 for base access
[    0.202477] kprobes: kprobe jump-optimization is enabled. All kprobes are optimized if possible.
[    0.205109] HugeTLB: registered 2.00 MiB page size, pre-allocated 0 pages
[    0.205281] HugeTLB: 28 KiB vmemmap can be freed for a 2.00 MiB page
[    0.206102] ACPI: Added _OSI(Module Device)
[    0.206102] ACPI: Added _OSI(Processor Device)
[    0.206208] ACPI: Added _OSI(3.0 _SCP Extensions)
[    0.206373] ACPI: Added _OSI(Processor Aggregator Device)
[    0.207120] ACPI: 2 ACPI AML tables successfully acquired and loaded
[    0.278156] ACPI: Interpreter enabled
[    0.278298] ACPI: PM: (supports S0 S5)
[    0.278428] ACPI: Using IOAPIC for interrupt routing
[    0.278690] PCI: Using host bridge windows from ACPI; if necessary, use "pci=nocrs" and report a bug
[    0.278932] PCI: Using E820 reservations for host bridge windows
[    0.279115] ACPI: Enabled 2 GPEs in block 00 to 07
[    0.281743] ACPI: PCI Root Bridge [PCI0] (domain 0000 [bus 00-ff])
[    0.281909] acpi PNP0A03:00: _OSC: OS supports [ASPM ClockPM Segments MSI HPX-Type3]
[    0.282063] acpi PNP0A03:00: _OSC: not requesting OS control; OS requires [ExtendedConfig ASPM ClockPM MSI]
[    0.282537] acpi PNP0A03:00: fail to add MMCONFIG information, can't access extended configuration space under this bridge
[    0.282892] PCI host bridge to bus 0000:00
[    0.283063] pci_bus 0000:00: root bus resource [io  0x0000-0x0cf7 window]
[    0.283238] pci_bus 0000:00: root bus resource [io  0x0d00-0xffff window]
[    0.283442] pci_bus 0000:00: root bus resource [mem 0x000a0000-0x000bffff window]
[    0.283690] pci_bus 0000:00: root bus resource [mem 0xe0000000-0xfdffffff window]
[    0.283913] pci_bus 0000:00: root bus resource [bus 00-ff]
[    0.284160] pci 0000:00:00.0: [8086:1237] type 00 class 0x060000
[    0.284660] pci 0000:00:01.0: [8086:7000] type 00 class 0x060100
[    0.285347] pci 0000:00:01.1: [8086:7111] type 00 class 0x01018a
[    0.285736] pci 0000:00:01.1: reg 0x20: [io  0xd000-0xd00f]
[    0.285966] pci 0000:00:01.1: legacy IDE quirk: reg 0x10: [io  0x01f0-0x01f7]
[    0.286063] pci 0000:00:01.1: legacy IDE quirk: reg 0x14: [io  0x03f6]
[    0.286230] pci 0000:00:01.1: legacy IDE quirk: reg 0x18: [io  0x0170-0x0177]
[    0.286440] pci 0000:00:01.1: legacy IDE quirk: reg 0x1c: [io  0x0376]
[    0.286725] pci 0000:00:02.0: [15ad:0405] type 00 class 0x030000
[    0.287340] pci 0000:00:02.0: reg 0x10: [io  0xd010-0xd01f]
[    0.290261] pci 0000:00:02.0: reg 0x14: [mem 0xe0000000-0xe0ffffff pref]
[    0.294064] pci 0000:00:02.0: reg 0x18: [mem 0xf0000000-0xf01fffff]
[    0.303096] pci 0000:00:02.0: Video device with shadowed ROM at [mem 0x000c0000-0x000dffff]
[    0.305149] pci 0000:00:03.0: [8086:100e] type 00 class 0x020000
[    0.308128] pci 0000:00:03.0: reg 0x10: [mem 0xf0200000-0xf021ffff]
[    0.314097] pci 0000:00:03.0: reg 0x18: [io  0xd020-0xd027]
[    0.322262] pci 0000:00:04.0: [80ee:cafe] type 00 class 0x088000
[    0.327064] pci 0000:00:04.0: reg 0x10: [io  0xd040-0xd05f]
[    0.330067] pci 0000:00:04.0: reg 0x14: [mem 0xf0400000-0xf07fffff]
[    0.332139] pci 0000:00:04.0: reg 0x18: [mem 0xf0800000-0xf0803fff pref]
[    0.339183] pci 0000:00:05.0: [8086:2415] type 00 class 0x040100
[    0.340122] pci 0000:00:05.0: reg 0x10: [io  0xd100-0xd1ff]
[    0.341063] pci 0000:00:05.0: reg 0x14: [io  0xd200-0xd23f]
[    0.344304] pci 0000:00:06.0: [106b:003f] type 00 class 0x0c0310
[    0.349111] pci 0000:00:06.0: reg 0x10: [mem 0xf0804000-0xf0804fff]
[    0.362289] pci 0000:00:07.0: [8086:7113] type 00 class 0x068000
[    0.364273] pci 0000:00:07.0: quirk: [io  0x4000-0x403f] claimed by PIIX4 ACPI
[    0.365070] pci 0000:00:07.0: quirk: [io  0x4100-0x410f] claimed by PIIX4 SMB
[    0.366232] pci 0000:00:0b.0: [8086:265c] type 00 class 0x0c0320
[    0.369216] pci 0000:00:0b.0: reg 0x10: [mem 0xf0805000-0xf0805fff]
[    0.380141] pci 0000:00:0d.0: [8086:2829] type 00 class 0x010601
[    0.385107] pci 0000:00:0d.0: reg 0x10: [io  0xd240-0xd247]
[    0.386149] pci 0000:00:0d.0: reg 0x14: [io  0xd248-0xd24b]
[    0.390067] pci 0000:00:0d.0: reg 0x18: [io  0xd250-0xd257]
[    0.392147] pci 0000:00:0d.0: reg 0x1c: [io  0xd258-0xd25b]
[    0.394154] pci 0000:00:0d.0: reg 0x20: [io  0xd260-0xd26f]
[    0.398197] pci 0000:00:0d.0: reg 0x24: [mem 0xf0806000-0xf0807fff]
[    0.408375] ACPI: PCI: Interrupt link LNKA configured for IRQ 11
[    0.410073] ACPI: PCI: Interrupt link LNKB configured for IRQ 10
[    0.410298] ACPI: PCI: Interrupt link LNKC configured for IRQ 9
[    0.412073] ACPI: PCI: Interrupt link LNKD configured for IRQ 11
[    0.413109] iommu: Default domain type: Translated 
[    0.414063] iommu: DMA domain TLB invalidation policy: lazy mode 
[    0.414286] SCSI subsystem initialized
[    0.416080] libata version 3.00 loaded.
[    0.416095] ACPI: bus type USB registered
[    0.417071] usbcore: registered new interface driver usbfs
[    0.418067] usbcore: registered new interface driver hub
[    0.418265] usbcore: registered new device driver usb
[    0.418423] pps_core: LinuxPPS API ver. 1 registered
[    0.418597] pps_core: Software ver. 5.3.6 - Copyright 2005-2007 Rodolfo Giometti <giometti@linux.it>
[    0.419065] PTP clock support registered
[    0.419213] Advanced Linux Sound Architecture Driver Initialized.
[    0.419338] NetLabel: Initializing
[    0.420063] NetLabel:  domain hash size = 128
[    0.420195] NetLabel:  protocols = UNLABELED CIPSOv4 CALIPSO
[    0.420363] NetLabel:  unlabeled traffic allowed by default
[    0.420575] PCI: Using ACPI for IRQ routing
[    0.420575] PCI: pci_cache_line_size set to 64 bytes
[    0.420575] e820: reserve RAM buffer [mem 0x0009fc00-0x0009ffff]
[    0.420575] e820: reserve RAM buffer [mem 0xdfff0000-0xdfffffff]
[    0.420575] pci 0000:00:02.0: vgaarb: setting as boot VGA device
[    0.420575] pci 0000:00:02.0: vgaarb: bridge control possible
[    0.420575] pci 0000:00:02.0: vgaarb: VGA device added: decodes=io+mem,owns=io+mem,locks=none
[    0.421063] vgaarb: loaded
[    0.422071] clocksource: Switched to clocksource kvm-clock
[    0.422544] VFS: Disk quotas dquot_6.6.0
[    0.422845] VFS: Dquot-cache hash table entries: 512 (order 0, 4096 bytes)
[    0.423364] pnp: PnP ACPI init
[    0.424070] pnp: PnP ACPI: found 2 devices
[    0.434315] clocksource: acpi_pm: mask: 0xffffff max_cycles: 0xffffff, max_idle_ns: 2085701024 ns
[    0.434574] NET: Registered PF_INET protocol family
[    0.434772] IP idents hash table entries: 131072 (order: 8, 1048576 bytes, linear)
[    0.435311] tcp_listen_portaddr_hash hash table entries: 4096 (order: 4, 65536 bytes, linear)
[    0.435311] Table-perturb hash table entries: 65536 (order: 6, 262144 bytes, linear)
[    0.435311] TCP established hash table entries: 65536 (order: 7, 524288 bytes, linear)
[    0.435311] TCP bind hash table entries: 65536 (order: 9, 2097152 bytes, linear)
[    0.435311] TCP: Hash tables configured (established 65536 bind 65536)
[    0.435311] UDP hash table entries: 4096 (order: 5, 131072 bytes, linear)
[    0.435311] UDP-Lite hash table entries: 4096 (order: 5, 131072 bytes, linear)
[    0.435311] NET: Registered PF_UNIX/PF_LOCAL protocol family
[    0.438528] RPC: Registered named UNIX socket transport module.
[    0.438699] RPC: Registered udp transport module.
[    0.438833] RPC: Registered tcp transport module.
[    0.438967] RPC: Registered tcp NFSv4.1 backchannel transport module.
[    0.439500] pci_bus 0000:00: resource 4 [io  0x0000-0x0cf7 window]
[    0.439704] pci_bus 0000:00: resource 5 [io  0x0d00-0xffff window]
[    0.439863] pci_bus 0000:00: resource 6 [mem 0x000a0000-0x000bffff window]
[    0.440034] pci_bus 0000:00: resource 7 [mem 0xe0000000-0xfdffffff window]
[    0.440226] pci 0000:00:00.0: Limiting direct PCI/PCI transfers
[    0.441392] PCI: CLS 0 bytes, default 64
[    0.441392] PCI-DMA: Using software bounce buffering for IO (SWIOTLB)
[    0.441748] software IO TLB: mapped [mem 0x00000000dbff0000-0x00000000dfff0000] (64MB)
[    0.442568] RAPL PMU: API unit is 2^-32 Joules, 0 fixed counters, 10737418240 ms ovfl timer
[    0.442808] clocksource: tsc: mask: 0xffffffffffffffff max_cycles: 0x7350aa9c0bb, max_idle_ns: 881590540420 ns
[    0.443230] clocksource: Switched to clocksource tsc
[    0.443613] platform rtc_cmos: registered platform RTC device (no PNP device found)
[    0.446233] Initialise system trusted keyrings
[    0.446522] workingset: timestamp_bits=56 max_order=21 bucket_order=0
[    0.446875] NFS: Registering the id_resolver key type
[    0.447025] Key type id_resolver registered
[    0.447184] Key type id_legacy registered
[    0.447425] 9p: Installing v9fs 9p2000 file system support
[    0.451103] Key type asymmetric registered
[    0.451103] Asymmetric key parser 'x509' registered
[    0.451103] Block layer SCSI generic (bsg) driver version 0.4 loaded (major 251)
[    0.451103] io scheduler mq-deadline registered
[    0.451103] io scheduler kyber registered
[    0.456627] ACPI: AC: AC Adapter [AC] (on-line)
[    0.456788] input: Power Button as /devices/LNXSYSTM:00/LNXPWRBN:00/input/input0
[    0.457019] ACPI: button: Power Button [PWRF]
[    0.457183] input: Sleep Button as /devices/LNXSYSTM:00/LNXSLPBN:00/input/input1
[    0.457406] ACPI: button: Sleep Button [SLPF]
[    0.457534] ACPI: video: Video Device [GFX0] (multi-head: yes  rom: no  post: no)
[    0.457534] input: Video Bus as /devices/LNXSYSTM:00/LNXSYBUS:00/PNP0A03:00/LNXVIDEO:00/input/input2
[    0.458698] Serial: 8250/16550 driver, 4 ports, IRQ sharing enabled
[    0.459544] Non-volatile memory driver v1.3
[    0.459683] Linux agpgart interface v0.103
[    0.459843] ACPI: bus type drm_connector registered
[    0.462005] loop: module loaded
[    0.462152] ahci 0000:00:0d.0: version 3.0
[    0.462436] ahci 0000:00:0d.0: SSS flag set, parallel bus scan disabled
[    0.462675] ahci 0000:00:0d.0: AHCI 0001.0100 32 slots 1 ports 3 Gbps 0x1 impl SATA mode
[    0.462900] ahci 0000:00:0d.0: flags: 64bit ncq stag only ccc 
[    0.463455] scsi host0: ahci
[    0.463597] ata1: SATA max UDMA/133 abar m8192@0xf0806000 port 0xf0806100 irq 21
[    0.463831] ata_piix 0000:00:01.1: version 2.13
[    0.464292] scsi host1: ata_piix
[    0.465122] scsi host2: ata_piix
[    0.465279] ata2: PATA max UDMA/33 cmd 0x1f0 ctl 0x3f6 bmdma 0xd000 irq 14
[    0.465452] ata3: PATA max UDMA/33 cmd 0x170 ctl 0x376 bmdma 0xd008 irq 15
[    0.465862] e100: Intel(R) PRO/100 Network Driver
[    0.466247] e100: Copyright(c) 1999-2006 Intel Corporation
[    0.466469] e1000: Intel(R) PRO/1000 Network Driver
[    0.466608] e1000: Copyright (c) 1999-2006 Intel Corporation.
[    0.842373] ata1: SATA link up 3.0 Gbps (SStatus 123 SControl 300)
[    0.842663] ata1.00: ATA-6: VBOX HARDDISK, 1.0, max UDMA/133
[    0.842821] ata1.00: 52428800 sectors, multi 128: LBA48 NCQ (depth 32)
[    0.843177] ata1.00: configured for UDMA/133
[    0.843414] scsi 0:0:0:0: Direct-Access     ATA      VBOX HARDDISK    1.0  PQ: 0 ANSI: 5
[    0.843873] scsi 0:0:0:0: Attached scsi generic sg0 type 0
[    0.844421] sd 0:0:0:0: [sda] 52428800 512-byte logical blocks: (26.8 GB/25.0 GiB)
[    0.844689] sd 0:0:0:0: [sda] Write Protect is off
[    0.844874] sd 0:0:0:0: [sda] Mode Sense: 00 3a 00 00
[    0.844883] sd 0:0:0:0: [sda] Write cache: enabled, read cache: enabled, doesn't support DPO or FUA
[    0.845133] sd 0:0:0:0: [sda] Preferred minimum I/O size 512 bytes
[    0.846035]  sda: sda1 sda2 sda3
[    0.846283] sd 0:0:0:0: [sda] Attached SCSI disk
[    0.853094] e1000 0000:00:03.0 eth0: (PCI:33MHz:32-bit) 08:00:27:c8:17:0a
[    0.853094] e1000 0000:00:03.0 eth0: Intel(R) PRO/1000 Network Connection
[    0.853094] e1000e: Intel(R) PRO/1000 Network Driver
[    0.853094] e1000e: Copyright(c) 1999 - 2015 Intel Corporation.
[    0.853094] sky2: driver version 1.30
[    0.861633] ohci-pci 0000:00:06.0: OHCI PCI host controller
[    0.861893] ohci-pci 0000:00:06.0: new USB bus registered, assigned bus number 1
[    0.862147] ohci-pci 0000:00:06.0: irq 22, io mem 0xf0804000
[    1.059629] usb usb1: New USB device found, idVendor=1d6b, idProduct=0001, bcdDevice= 6.02
[    1.059937] usb usb1: New USB device strings: Mfr=3, Product=2, SerialNumber=1
[    1.060181] usb usb1: Product: OHCI PCI host controller
[    1.060338] usb usb1: Manufacturer: Linux 6.2.0-rc7-next-20230208 ohci_hcd
[    1.060530] usb usb1: SerialNumber: 0000:00:06.0
[    1.060858] hub 1-0:1.0: USB hub found
[    1.060990] hub 1-0:1.0: 12 ports detected
[    1.061567] ehci-pci 0000:00:0b.0: EHCI Host Controller
[    1.061575] usbcore: registered new interface driver usblp
[    1.061743] ehci-pci 0000:00:0b.0: new USB bus registered, assigned bus number 2
[    1.061880] usbcore: registered new interface driver usb-storage
[    1.062354] ehci-pci 0000:00:0b.0: irq 19, io mem 0xf0805000
[    1.062426] i8042: PNP: PS/2 Controller [PNP0303:PS2K,PNP0f03:PS2M] at 0x60,0x64 irq 1,12
[    1.063350] serio: i8042 KBD port at 0x60,0x64 irq 1
[    1.063495] serio: i8042 AUX port at 0x60,0x64 irq 12
[    1.064202] input: AT Translated Set 2 keyboard as /devices/platform/i8042/serio0/input/input3
[    1.064948] rtc_cmos rtc_cmos: registered as rtc0
[    1.065464] rtc_cmos rtc_cmos: alarms up to one day, 114 bytes nvram
[    1.065924] fail to initialize ptp_kvm
[    1.066224] device-mapper: ioctl: 4.47.0-ioctl (2022-07-28) initialised: dm-devel@redhat.com
[    1.067125] intel_pstate: CPU model not supported
[    1.067521] hid: raw HID events driver (C) Jiri Kosina
[    1.068083] usbcore: registered new interface driver usbhid
[    1.068491] usbhid: USB HID core driver
[    1.069170] ehci-pci 0000:00:0b.0: USB 2.0 started, EHCI 1.00
[    1.069655] usb usb2: New USB device found, idVendor=1d6b, idProduct=0002, bcdDevice= 6.02
[    1.070205] Initializing XFRM netlink socket
[    1.070398] usb usb2: New USB device strings: Mfr=3, Product=2, SerialNumber=1
[    1.070739] NET: Registered PF_INET6 protocol family
[    1.071361] usb usb2: Product: EHCI Host Controller
[    1.071364] usb usb2: Manufacturer: Linux 6.2.0-rc7-next-20230208 ehci_hcd
[    1.071367] usb usb2: SerialNumber: 0000:00:0b.0
[    1.073411] Segment Routing with IPv6
[    1.073722] hub 2-0:1.0: USB hub found
[    1.073953] In-situ OAM (IOAM) with IPv6
[    1.074268] hub 2-0:1.0: 12 ports detected
[    1.075294] sit: IPv6, IPv4 and MPLS over IPv4 tunneling driver
[    1.075948] NET: Registered PF_PACKET protocol family
[    1.076215] 9pnet: Installing 9P2000 support
[    1.076215] Key type dns_resolver registered
[    1.077945] IPI shorthand broadcast: enabled
[    1.080163] sched_clock: Marking stable (1012003553, 68061930)->(1113667760, -33602277)
[    1.080707] registered taskstats version 1
[    1.080837] Loading compiled-in X.509 certificates
[    1.081829] PM:   Magic number: 11:949:939
[    1.082023] printk: console [netcon0] enabled
[    1.082191] netconsole: network logging started
[    1.082686] cfg80211: Loading compiled-in X.509 certificates for regulatory database
[    1.083194] kworker/u16:3 (86) used greatest stack depth: 14312 bytes left
[    1.083794] Loaded X.509 cert 'sforshee: 00b28ddf47aef9cea7'
[    1.083962] platform regulatory.0: Direct firmware load for regulatory.db failed with error -2
[    1.084560] cfg80211: failed to load regulatory.db
[    1.084989] ALSA device list:
[    1.085873]   No soundcards found.
[    1.312815] input: ImExPS/2 Generic Explorer Mouse as /devices/platform/i8042/serio1/input/input5
[    1.313252] md: Waiting for all devices to be available before autodetect
[    1.313456] md: If you don't use raid, use raid=noautodetect
[    1.313607] md: Autodetecting RAID arrays.
[    1.313733] md: autorun ...
[    1.313836] md: ... autorun DONE.
[    1.429039] EXT4-fs (sda3): mounted filesystem c2a5584f-5385-4ec6-99b6-f7b5157b909f with ordered data mode. Quota mode: none.
[    1.429452] VFS: Mounted root (ext4 filesystem) readonly on device 8:3.
[    1.466556] devtmpfs: mounted
[    1.469503] Freeing unused kernel image (initmem) memory: 2572K
[    1.471447] Write protecting the kernel read-only data: 26624k
[    1.472804] Freeing unused kernel image (rodata/data gap) memory: 1944K
[    1.506445] x86/mm: Checked W+X mappings: passed, no W+X pages found.
[    1.506614] x86/mm: Checking user space page tables
[    1.534301] x86/mm: Checked W+X mappings: passed, no W+X pages found.
[    1.534469] Run /sbin/init as init process
[    1.534594]   with arguments:
[    1.534594]     /sbin/init
[    1.534595]     achansel
[    1.534595]   with environment:
[    1.534596]     HOME=/
[    1.534596]     TERM=linux
[    1.534597]     BOOT_IMAGE=/vmlinuz-next
[    2.106282] stty (97) used greatest stack depth: 13600 bytes left
[    2.241858] dmesg (99) used greatest stack depth: 13440 bytes left
[    2.923400] ip (154) used greatest stack depth: 13000 bytes left
[    3.069974] udevd[179]: starting version 3.2.11
[    3.245315] udevd[180]: starting eudev-3.2.11
[    3.470529] e1000 0000:00:03.0 enp0s3: renamed from eth0
[    3.964612] Adding 8388604k swap on /dev/sda2.  Priority:1 extents:1 across:8388604k 
[    3.989180] EXT4-fs (sda3): re-mounted c2a5584f-5385-4ec6-99b6-f7b5157b909f. Quota mode: none.
[    4.215874] EXT4-fs (sda3): re-mounted c2a5584f-5385-4ec6-99b6-f7b5157b909f. Quota mode: none.
[    4.298338] EXT4-fs (sda1): mounting ext2 file system using the ext4 subsystem
[    4.323395] EXT4-fs (sda1): mounted filesystem a1abb7fe-68fd-41ac-ac1b-a9ce69c4602b without journal. Quota mode: none.
[   13.266248] e1000: enp0s3 NIC Link is Up 1000 Mbps Full Duplex, Flow Control: RX
[   13.266711] IPv6: ADDRCONF(NETDEV_CHANGE): enp0s3: link becomes ready
